<html>
<body>
<pre>
<h1>礦ision Build Log</h1>
<h2>Tool Versions:</h2>
IDE-Version: μVision V5.14.0.0
Copyright (C) 2015 ARM Ltd and ARM Germany GmbH. All rights reserved.
License Information: 1 greer, 1, LIC=14HV2-9E41S-EVR1R-K0ZAX-RJ7CP-ZK6ZS
 
Tool Versions:
Toolchain:       MDK-ARM Plus  Version: 5.14.0.0
Toolchain Path:  D:\Keil5\ARM\ARMCC\Bin
C Compiler:      Armcc.exe V5.05 update 1 (build 106)
Assembler:       Armasm.exe V5.05 update 1 (build 106)
Linker/Locator:  ArmLink.exe V5.05 update 1 (build 106)
Library Manager: ArmAr.exe V5.05 update 1 (build 106)
Hex Converter:   FromElf.exe V5.05 update 1 (build 106)
CPU DLL:         SARMCM3.DLL V5.14.0.0
Dialog DLL:      DCM.DLL V1.13.1.0
Target DLL:      CMSIS_AGDI.dll V1.21.0.0
Dialog DLL:      TCM.DLL V1.14.4.0
 
<h2>Project:</h2>
D:\【正点】F103_demolibrary\智能家居\1.0\Projects\MDK-ARM\atk_f103.uvprojx
Project File Date:  04/18/2023

<h2>Output:</h2>
Rebuild target 'ATK-MW8266D'
assembling startup_stm32f103xe.s...
compiling main.c...
..\..\User\main.c(74): warning:  #177-D: variable "is_unvarnished" was declared but never referenced
          uint8_t is_unvarnished=0;
..\..\User\main.c: 1 warning, 0 errors
compiling system_stm32f1xx.c...
compiling stm32f1xx_it.c...
compiling demo.c...
..\..\User\demo.c(107): warning:  #177-D: variable "key" was declared but never referenced
      uint8_t key;
..\..\User\demo.c(108): warning:  #177-D: variable "is_atkcld" was declared but never referenced
      uint8_t is_atkcld = 0;
..\..\User\demo.c(45): warning:  #177-D: function "demo_show_ip" was declared but never referenced
  static void demo_show_ip(char *buf)
..\..\User\demo.c: 3 warnings, 0 errors
compiling delay.c...
compiling sys.c...
compiling usart.c...
compiling stm32f1xx_hal_adc.c...
compiling stm32f1xx_hal_adc_ex.c...
compiling stm32f1xx_hal.c...
compiling stm32f1xx_hal_cortex.c...
compiling stm32f1xx_hal_dma.c...
compiling stm32f1xx_hal_gpio.c...
compiling stm32f1xx_hal_gpio_ex.c...
compiling stm32f1xx_hal_pwr.c...
compiling stm32f1xx_hal_rcc.c...
compiling stm32f1xx_hal_rcc_ex.c...
compiling stm32f1xx_hal_uart.c...
compiling stm32f1xx_hal_usart.c...
compiling stm32f1xx_hal_sram.c...
compiling stm32f1xx_ll_fsmc.c...
compiling stm32f1xx_hal_tim.c...
compiling stm32f1xx_hal_tim_ex.c...
compiling led.c...
compiling key.c...
compiling lcd.c...
compiling atk_mw8266d.c...
compiling atk_mw8266d_uart.c...
compiling dht11.c...
compiling gy-30.c...
compiling sgp30.c...
compiling adc.c...
compiling beep.c...
linking...
Program Size: Code=33736 RO-data=13180 RW-data=36 ZI-data=2292  
FromELF: creating hex file...
"..\..\Output\atk_f103.axf" - 0 Error(s), 4 Warning(s).

<h2>Collection of Component include folders:</h2>
  D:\【正点】F103_demolibrary\智能家居\1.0\Projects\MDK-ARM\RTE
  D:\Keil5\ARM\PACK\Keil\STM32F1xx_DFP\2.2.0

<h2>Collection of Component Files used:</h2>
</pre>
</body>
</html>
