Component: ARM Compiler 5.05 update 1 (build 106) Tool: armlink [4d0efa]

==============================================================================

Section Cross References

    startup_stm32f103xe.o(STACK) refers (Special) to heapauxi.o(.text) for __use_two_region_memory
    startup_stm32f103xe.o(HEAP) refers (Special) to heapauxi.o(.text) for __use_two_region_memory
    startup_stm32f103xe.o(RESET) refers (Special) to heapauxi.o(.text) for __use_two_region_memory
    startup_stm32f103xe.o(RESET) refers to startup_stm32f103xe.o(STACK) for __initial_sp
    startup_stm32f103xe.o(RESET) refers to startup_stm32f103xe.o(.text) for Reset_Handler
    startup_stm32f103xe.o(RESET) refers to stm32f1xx_it.o(i.NMI_Handler) for NMI_Handler
    startup_stm32f103xe.o(RESET) refers to stm32f1xx_it.o(i.HardFault_Handler) for HardFault_Handler
    startup_stm32f103xe.o(RESET) refers to stm32f1xx_it.o(i.MemManage_Handler) for MemManage_Handler
    startup_stm32f103xe.o(RESET) refers to stm32f1xx_it.o(i.BusFault_Handler) for BusFault_Handler
    startup_stm32f103xe.o(RESET) refers to stm32f1xx_it.o(i.UsageFault_Handler) for UsageFault_Handler
    startup_stm32f103xe.o(RESET) refers to stm32f1xx_it.o(i.SVC_Handler) for SVC_Handler
    startup_stm32f103xe.o(RESET) refers to stm32f1xx_it.o(i.DebugMon_Handler) for DebugMon_Handler
    startup_stm32f103xe.o(RESET) refers to usart.o(i.USART1_IRQHandler) for USART1_IRQHandler
    startup_stm32f103xe.o(RESET) refers to atk_mw8266d_uart.o(i.USART3_IRQHandler) for USART3_IRQHandler
    startup_stm32f103xe.o(.text) refers (Special) to heapauxi.o(.text) for __use_two_region_memory
    startup_stm32f103xe.o(.text) refers to system_stm32f1xx.o(i.SystemInit) for SystemInit
    startup_stm32f103xe.o(.text) refers to __main.o(!!!main) for __main
    startup_stm32f103xe.o(.text) refers to startup_stm32f103xe.o(HEAP) for Heap_Mem
    startup_stm32f103xe.o(.text) refers to startup_stm32f103xe.o(STACK) for Stack_Mem
    main.o(i.main) refers to stm32f1xx_hal.o(i.HAL_Init) for HAL_Init
    main.o(i.main) refers to sys.o(i.sys_stm32_clock_init) for sys_stm32_clock_init
    main.o(i.main) refers to delay.o(i.delay_init) for delay_init
    main.o(i.main) refers to usart.o(i.usart_init) for usart_init
    main.o(i.main) refers to led.o(i.led_init) for led_init
    main.o(i.main) refers to key.o(i.key_init) for key_init
    main.o(i.main) refers to lcd.o(i.lcd_init) for lcd_init
    main.o(i.main) refers to main.o(i.show_mesg) for show_mesg
    main.o(i.main) refers to adc.o(i.MY_ADC_Init) for MY_ADC_Init
    main.o(i.main) refers to demo.o(i.wifi_init) for wifi_init
    main.o(i.main) refers to gy-30.o(i.BH1750init) for BH1750init
    main.o(i.main) refers to sgp30.o(i.SGP30_Init) for SGP30_Init
    main.o(i.main) refers to lcd.o(i.lcd_show_string) for lcd_show_string
    main.o(i.main) refers to delay.o(i.delay_ms) for delay_ms
    main.o(i.main) refers to dht11.o(i.DHT11_Init) for DHT11_Init
    main.o(i.main) refers to gy-30.o(i.bh_data_read) for bh_data_read
    main.o(i.main) refers to dht11.o(i.DHT11_Read_Data) for DHT11_Read_Data
    main.o(i.main) refers to sgp30.o(i.SGP30_Write) for SGP30_Write
    main.o(i.main) refers to sgp30.o(i.SGP30_Read) for SGP30_Read
    main.o(i.main) refers to lcd.o(i.lcd_show_num) for lcd_show_num
    main.o(i.main) refers to demo.o(i.information_connection) for information_connection
    main.o(i.main) refers to stm32f1xx_hal_gpio.o(i.HAL_GPIO_TogglePin) for HAL_GPIO_TogglePin
    main.o(i.show_mesg) refers to lcd.o(i.lcd_show_string) for lcd_show_string
    main.o(i.show_mesg) refers to __2printf.o(.text) for __2printf
    system_stm32f1xx.o(i.SystemCoreClockUpdate) refers to system_stm32f1xx.o(.data) for SystemCoreClock
    system_stm32f1xx.o(i.SystemCoreClockUpdate) refers to system_stm32f1xx.o(.constdata) for AHBPrescTable
    demo.o(i.OneNet_FillBuf) refers to _printf_percent.o(.ARM.Collect$$_printf_percent$$00000000) for _printf_percent
    demo.o(i.OneNet_FillBuf) refers to _printf_d.o(.ARM.Collect$$_printf_percent$$00000009) for _printf_d
    demo.o(i.OneNet_FillBuf) refers to _printf_dec.o(.text) for _printf_int_dec
    demo.o(i.OneNet_FillBuf) refers to _printf_s.o(.ARM.Collect$$_printf_percent$$00000014) for _printf_s
    demo.o(i.OneNet_FillBuf) refers to _printf_str.o(.text) for _printf_str
    demo.o(i.OneNet_FillBuf) refers to rt_memclr_w.o(.text) for __aeabi_memclr4
    demo.o(i.OneNet_FillBuf) refers to __2sprintf.o(.text) for __2sprintf
    demo.o(i.OneNet_FillBuf) refers to strcat.o(.text) for strcat
    demo.o(i.OneNet_FillBuf) refers to strlen.o(.text) for strlen
    demo.o(i.OneNet_FillBuf) refers to __2printf.o(.text) for __2printf
    demo.o(i.OneNet_FillBuf) refers to demo.o(.conststring) for .conststring
    demo.o(i.demo_show_ip) refers to _printf_percent.o(.ARM.Collect$$_printf_percent$$00000000) for _printf_percent
    demo.o(i.demo_show_ip) refers to _printf_s.o(.ARM.Collect$$_printf_percent$$00000014) for _printf_s
[...]
    i.key_init                               0x08004b68   Section        0  key.o(i.key_init)
    i.lcd_clear                              0x08004c20   Section        0  lcd.o(i.lcd_clear)
    i.lcd_display_dir                        0x08004c54   Section        0  lcd.o(i.lcd_display_dir)
    i.lcd_draw_point                         0x08004d84   Section        0  lcd.o(i.lcd_draw_point)
    i.lcd_ex_ili9341_reginit                 0x08004da4   Section        0  lcd.o(i.lcd_ex_ili9341_reginit)
    i.lcd_ex_nt35310_reginit                 0x08004fd0   Section        0  lcd.o(i.lcd_ex_nt35310_reginit)
    i.lcd_ex_nt35510_reginit                 0x08005ec2   Section        0  lcd.o(i.lcd_ex_nt35510_reginit)
    i.lcd_ex_ssd1963_reginit                 0x08006dbe   Section        0  lcd.o(i.lcd_ex_ssd1963_reginit)
    i.lcd_ex_st7789_reginit                  0x08006f2c   Section        0  lcd.o(i.lcd_ex_st7789_reginit)
    i.lcd_init                               0x080070d4   Section        0  lcd.o(i.lcd_init)
    i.lcd_opt_delay                          0x08007480   Section        0  lcd.o(i.lcd_opt_delay)
    lcd_opt_delay                            0x08007481   Thumb Code    12  lcd.o(i.lcd_opt_delay)
    i.lcd_pow                                0x0800748c   Section        0  lcd.o(i.lcd_pow)
    lcd_pow                                  0x0800748d   Thumb Code    22  lcd.o(i.lcd_pow)
    i.lcd_rd_data                            0x080074a4   Section        0  lcd.o(i.lcd_rd_data)
    lcd_rd_data                              0x080074a5   Thumb Code    20  lcd.o(i.lcd_rd_data)
    i.lcd_scan_dir                           0x080074bc   Section        0  lcd.o(i.lcd_scan_dir)
    i.lcd_set_cursor                         0x080076ec   Section        0  lcd.o(i.lcd_set_cursor)
    i.lcd_show_char                          0x0800780c   Section        0  lcd.o(i.lcd_show_char)
    i.lcd_show_num                           0x0800794c   Section        0  lcd.o(i.lcd_show_num)
    i.lcd_show_string                        0x080079e4   Section        0  lcd.o(i.lcd_show_string)
    i.lcd_ssd_backlight_set                  0x08007a50   Section        0  lcd.o(i.lcd_ssd_backlight_set)
    i.lcd_wr_data                            0x08007aa4   Section        0  lcd.o(i.lcd_wr_data)
    i.lcd_wr_regno                           0x08007abc   Section        0  lcd.o(i.lcd_wr_regno)
    i.lcd_write_ram_prepare                  0x08007ad4   Section        0  lcd.o(i.lcd_write_ram_prepare)
    i.lcd_write_reg                          0x08007ae8   Section        0  lcd.o(i.lcd_write_reg)
    i.led_init                               0x08007af8   Section        0  led.o(i.led_init)
    i.main                                   0x08007b88   Section        0  main.o(i.main)
    i.show_mesg                              0x08007de8   Section        0  main.o(i.show_mesg)
    i.sys_stm32_clock_init                   0x08007f70   Section        0  sys.o(i.sys_stm32_clock_init)
    i.usart_init                             0x08007fc8   Section        0  usart.o(i.usart_init)
    i.wifi_init                              0x08008000   Section        0  demo.o(i.wifi_init)
    locale$$code                             0x0800821c   Section       44  lc_numeric_c.o(locale$$code)
    locale$$code                             0x08008248   Section       44  lc_ctype_c.o(locale$$code)
    x$fpl$dfixu                              0x08008274   Section       90  dfixu.o(x$fpl$dfixu)
    x$fpl$dfltu                              0x080082ce   Section       38  dflt_clz.o(x$fpl$dfltu)
    x$fpl$dmul                               0x080082f4   Section      340  dmul.o(x$fpl$dmul)
    x$fpl$dnaninf                            0x08008448   Section      156  dnaninf.o(x$fpl$dnaninf)
    x$fpl$dretinf                            0x080084e4   Section       12  dretinf.o(x$fpl$dretinf)
    x$fpl$printf1                            0x080084f0   Section        4  printf1.o(x$fpl$printf1)
    x$fpl$printf2                            0x080084f4   Section        4  printf2.o(x$fpl$printf2)
    .constdata                               0x080084f8   Section       24  system_stm32f1xx.o(.constdata)
    x$fpl$usenofp                            0x080084f8   Section        0  usenofp.o(x$fpl$usenofp)
    .constdata                               0x08008510   Section    12160  lcd.o(.constdata)
    .constdata                               0x0800b490   Section       40  _printf_hex_int_ll_ptr.o(.constdata)
    uc_hextab                                0x0800b490   Data          20  _printf_hex_int_ll_ptr.o(.constdata)
    lc_hextab                                0x0800b4a4   Data          20  _printf_hex_int_ll_ptr.o(.constdata)
    .constdata                               0x0800b4b8   Section       17  __printf_flags_ss_wp.o(.constdata)
    maptable                                 0x0800b4b8   Data          17  __printf_flags_ss_wp.o(.constdata)
    .constdata                               0x0800b4cc   Section        8  _printf_wctomb.o(.constdata)
    initial_mbstate                          0x0800b4cc   Data           8  _printf_wctomb.o(.constdata)
    .constdata                               0x0800b4d4   Section       38  _printf_fp_hex.o(.constdata)
    lc_hextab                                0x0800b4d4   Data          19  _printf_fp_hex.o(.constdata)
    uc_hextab                                0x0800b4e7   Data          19  _printf_fp_hex.o(.constdata)
    .constdata                               0x0800b4fc   Section      148  bigflt0.o(.constdata)
    tenpwrs_x                                0x0800b4fc   Data          60  bigflt0.o(.constdata)
    tenpwrs_i                                0x0800b538   Data          64  bigflt0.o(.constdata)
    .conststring                             0x0800b590   Section      102  demo.o(.conststring)
    locale$$data                             0x0800b618   Section       28  lc_numeric_c.o(locale$$data)
    __lcnum_c_name                           0x0800b61c   Data           2  lc_numeric_c.o(locale$$data)
    __lcnum_c_start                          0x0800b624   Data           0  lc_numeric_c.o(locale$$data)
    __lcnum_c_point                          0x0800b630   Data           0  lc_numeric_c.o(locale$$data)
    __lcnum_c_thousands                      0x0800b632   Data           0  lc_numeric_c.o(locale$$data)
    __lcnum_c_grouping                       0x0800b633   Data           0  lc_numeric_c.o(locale$$data)
    locale$$data                             0x0800b634   Section      272  lc_ctype_c.o(locale$$data)
    __lcnum_c_end                            0x0800b634   Data           0  lc_numeric_c.o(locale$$data)
    __lcctype_c_name                         0x0800b638   Data           2  lc_ctype_c.o(locale$$data)
    __lcctype_c_start                        0x0800b640   Data           0  lc_ctype_c.o(locale$$data)
    __lcctype_c_end                          0x0800b744   Data           0  lc_ctype_c.o(locale$$data)
    .data                                    0x20000000   Section        4  system_stm32f1xx.o(.data)
    .data                                    0x20000004   Section        2  delay.o(.data)
    g_fac_us                                 0x20000004   Data           2  delay.o(.data)
    .data                                    0x20000008   Section        7  usart.o(.data)
    .data                                    0x20000010   Section        9  stm32f1xx_hal.o(.data)
    .data                                    0x2000001c   Section        8  lcd.o(.data)
    .bss                                     0x20000024   Section      264  usart.o(.bss)
    .bss                                     0x2000012c   Section       86  lcd.o(.bss)
    .bss                                     0x20000184   Section      258  atk_mw8266d_uart.o(.bss)
    g_uart_handle                            0x20000184   Data          64  atk_mw8266d_uart.o(.bss)
    g_uart_rx_frame                          0x200001c4   Data         130  atk_mw8266d_uart.o(.bss)
    g_uart_tx_buf                            0x20000246   Data          64  atk_mw8266d_uart.o(.bss)
    .bss                                     0x20000288   Section       48  adc.o(.bss)
    .bss                                     0x200002b8   Section       96  libspace.o(.bss)
    HEAP                                     0x20000318   Section      512  startup_stm32f103xe.o(HEAP)
    Heap_Mem                                 0x20000318   Data         512  startup_stm32f103xe.o(HEAP)
    STACK                                    0x20000518   Section     1024  startup_stm32f103xe.o(STACK)
    Stack_Mem                                0x20000518   Data        1024  startup_stm32f103xe.o(STACK)
    __initial_sp                             0x20000918   Data           0  startup_stm32f103xe.o(STACK)

    Global Symbols

    Symbol Name                              Value     Ov Type        Size  Object(Section)

    BuildAttributes$$THM_ISAv4$P$D$K$B$S$PE$A:L22UL41UL21$X:L11$S22US41US21$IEEE1$IW$USESV6$~STKCKD$USESV7$~SHL$OTIME$ROPI$IEEEJ$EBA8$UX$STANDARDLIB$REQ8$PRES8$EABIv2 0x00000000   Number         0  anon$$obj.o ABSOLUTE
    __ARM_use_no_argv                        0x00000000   Number         0  main.o ABSOLUTE
    _printf_flags                            0x00000000   Number         0  printf_stubs.o ABSOLUTE
    _printf_return_value                     0x00000000   Number         0  printf_stubs.o ABSOLUTE
    _printf_sizespec                         0x00000000   Number         0  printf_stubs.o ABSOLUTE
    _printf_widthprec                        0x00000000   Number         0  printf_stubs.o ABSOLUTE
    __ARM_exceptions_init                     - Undefined Weak Reference
    __alloca_initialize                       - Undefined Weak Reference
    __arm_preinit_                            - Undefined Weak Reference
    __cpp_initialize__aeabi_                  - Undefined Weak Reference
    __cxa_finalize                            - Undefined Weak Reference
    __sigvec_lookup                           - Undefined Weak Reference
    _atexit_init                              - Undefined Weak Reference
    _call_atexit_fns                          - Undefined Weak Reference
    _clock_init                               - Undefined Weak Reference
    _fp_trap_init                             - Undefined Weak Reference
    _fp_trap_shutdown                         - Undefined Weak Reference
    _get_lc_collate                           - Undefined Weak Reference
    _get_lc_monetary                          - Undefined Weak Reference
    _get_lc_time                              - Undefined Weak Reference
    _getenv_init                              - Undefined Weak Reference
    _handle_redirection                       - Undefined Weak Reference
    _init_alloc                               - Undefined Weak Reference
    _init_user_alloc                          - Undefined Weak Reference
    _initio                                   - Undefined Weak Reference
    _mutex_acquire                            - Undefined Weak Reference
    _mutex_release                            - Undefined Weak Reference
    _printf_mbtowc                            - Undefined Weak Reference
    _printf_wc                                - Undefined Weak Reference
    _rand_init                                - Undefined Weak Reference
    _signal_finish                            - Undefined Weak Reference
    _signal_init                              - Undefined Weak Reference
    _terminate_alloc                          - Undefined Weak Reference
    _terminate_user_alloc                     - Undefined Weak Reference
    _terminateio                              - Undefined Weak Reference
    __Vectors_Size                           0x00000130   Number         0  startup_stm32f103xe.o ABSOLUTE
    __Vectors                                0x08000000   Data           4  startup_stm32f103xe.o(RESET)
    __Vectors_End                            0x08000130   Data           0  startup_stm32f103xe.o(RESET)
    __main                                   0x08000131   Thumb Code     8  __main.o(!!!main)
    __scatterload                            0x08000139   Thumb Code     0  __scatter.o(!!!scatter)
    __scatterload_rt2                        0x08000139   Thumb Code    44  __scatter.o(!!!scatter)
    __scatterload_rt2_thumb_only             0x08000139   Thumb Code     0  __scatter.o(!!!scatter)
    __scatterload_null                       0x08000147   Thumb Code     0  __scatter.o(!!!scatter)
    __scatterload_copy                       0x0800016d   Thumb Code    26  __scatter_copy.o(!!handler_copy)
    __scatterload_zeroinit                   0x08000189   Thumb Code    28  __scatter_zi.o(!!handler_zi)
    _printf_n                                0x080001a5   Thumb Code     0  _printf_n.o(.ARM.Collect$$_printf_percent$$00000001)
    _printf_percent                          0x080001a5   Thumb Code     0  _printf_percent.o(.ARM.Collect$$_printf_percent$$00000000)
    _printf_p                                0x080001ab   Thumb Code     0  _printf_p.o(.ARM.Collect$$_printf_percent$$00000002)
    _printf_f                                0x080001b1   Thumb Code     0  _printf_f.o(.ARM.Collect$$_printf_percent$$00000003)
    _printf_e                                0x080001b7   Thumb Code     0  _printf_e.o(.ARM.Collect$$_printf_percent$$00000004)
    _printf_g                                0x080001bd   Thumb Code     0  _printf_g.o(.ARM.Collect$$_printf_percent$$00000005)
    _printf_a                                0x080001c3   Thumb Code     0  _printf_a.o(.ARM.Collect$$_printf_percent$$00000006)
    _printf_ll                               0x080001c9   Thumb Code     0  _printf_ll.o(.ARM.Collect$$_printf_percent$$00000007)
    _printf_i                                0x080001d3   Thumb Code     0  _printf_i.o(.ARM.Collect$$_printf_percent$$00000008)
    _printf_d                                0x080001d9   Thumb Code     0  _printf_d.o(.ARM.Collect$$_printf_percent$$00000009)
    _printf_u                                0x080001df   Thumb Code     0  _printf_u.o(.ARM.Collect$$_printf_percent$$0000000A)
    _printf_o                                0x080001e5   Thumb Code     0  _printf_o.o(.ARM.Collect$$_printf_percent$$0000000B)
    _printf_x                                0x080001eb   Thumb Code     0  _printf_x.o(.ARM.Collect$$_printf_percent$$0000000C)
    _printf_lli                              0x080001f1   Thumb Code     0  _printf_lli.o(.ARM.Collect$$_printf_percent$$0000000D)
    _printf_lld                              0x080001f7   Thumb Code     0  _printf_lld.o(.ARM.Collect$$_printf_percent$$0000000E)
    _printf_llu                              0x080001fd   Thumb Code     0  _printf_llu.o(.ARM.Collect$$_printf_percent$$0000000F)
    _printf_llo                              0x08000203   Thumb Code     0  _printf_llo.o(.ARM.Collect$$_printf_percent$$00000010)
    _printf_llx                              0x08000209   Thumb Code     0  _printf_llx.o(.ARM.Collect$$_printf_percent$$00000011)
    _printf_l                                0x0800020f   Thumb Code     0  _printf_l.o(.ARM.Collect$$_printf_percent$$00000012)
    _printf_c                                0x08000219   Thumb Code     0  _printf_c.o(.ARM.Collect$$_printf_percent$$00000013)
    _printf_s                                0x0800021f   Thumb Code     0  _printf_s.o(.ARM.Collect$$_printf_percent$$00000014)
    _printf_lc                               0x08000225   Thumb Code     0  _printf_lc.o(.ARM.Collect$$_printf_percent$$00000015)
    _printf_ls                               0x0800022b   Thumb Code     0  _printf_ls.o(.ARM.Collect$$_printf_percent$$00000016)
    _printf_percent_end                      0x08000231   Thumb Code     0  _printf_percent_end.o(.ARM.Collect$$_printf_percent$$00000017)
    __rt_lib_init                            0x08000235   Thumb Code     0  libinit.o(.ARM.Collect$$libinit$$00000000)
    __rt_lib_init_fp_1                       0x08000237   Thumb Code     0  libinit2.o(.ARM.Collect$$libinit$$00000002)
    __rt_lib_init_heap_1                     0x08000237   Thumb Code     0  libinit2.o(.ARM.Collect$$libinit$$0000000A)
    __rt_lib_init_lc_common                  0x08000237   Thumb Code     0  libinit2.o(.ARM.Collect$$libinit$$0000000F)
    __rt_lib_init_preinit_1                  0x08000237   Thumb Code     0  libinit2.o(.ARM.Collect$$libinit$$00000004)
    __rt_lib_init_rand_1                     0x08000237   Thumb Code     0  libinit2.o(.ARM.Collect$$libinit$$0000000E)
    __rt_lib_init_user_alloc_1               0x08000237   Thumb Code     0  libinit2.o(.ARM.Collect$$libinit$$0000000C)
    __rt_lib_init_lc_collate_1               0x0800023d   Thumb Code     0  libinit2.o(.ARM.Collect$$libinit$$00000011)
    __rt_lib_init_lc_ctype_2                 0x0800023d   Thumb Code     0  libinit2.o(.ARM.Collect$$libinit$$00000012)
    __rt_lib_init_lc_ctype_1                 0x08000249   Thumb Code     0  libinit2.o(.ARM.Collect$$libinit$$00000013)
    __rt_lib_init_lc_monetary_1              0x08000249   Thumb Code     0  libinit2.o(.ARM.Collect$$libinit$$00000015)
    __rt_lib_init_lc_numeric_2               0x08000249   Thumb Code     0  libinit2.o(.ARM.Collect$$libinit$$00000016)
    __rt_lib_init_alloca_1                   0x08000253   Thumb Code     0  libinit2.o(.ARM.Collect$$libinit$$0000002E)
    __rt_lib_init_argv_1                     0x08000253   Thumb Code     0  libinit2.o(.ARM.Collect$$libinit$$0000002C)
    __rt_lib_init_atexit_1                   0x08000253   Thumb Code     0  libinit2.o(.ARM.Collect$$libinit$$0000001B)
    __rt_lib_init_clock_1                    0x08000253   Thumb Code     0  libinit2.o(.ARM.Collect$$libinit$$00000021)
    __rt_lib_init_cpp_1                      0x08000253   Thumb Code     0  libinit2.o(.ARM.Collect$$libinit$$00000032)
    __rt_lib_init_exceptions_1               0x08000253   Thumb Code     0  libinit2.o(.ARM.Collect$$libinit$$00000030)
    __rt_lib_init_fp_trap_1                  0x08000253   Thumb Code     0  libinit2.o(.ARM.Collect$$libinit$$0000001F)
    __rt_lib_init_getenv_1                   0x08000253   Thumb Code     0  libinit2.o(.ARM.Collect$$libinit$$00000023)
    __rt_lib_init_lc_numeric_1               0x08000253   Thumb Code     0  libinit2.o(.ARM.Collect$$libinit$$00000017)
    __rt_lib_init_lc_time_1                  0x08000253   Thumb Code     0  libinit2.o(.ARM.Collect$$libinit$$00000019)
    __rt_lib_init_return                     0x08000253   Thumb Code     0  libinit2.o(.ARM.Collect$$libinit$$00000033)
    __rt_lib_init_signal_1                   0x08000253   Thumb Code     0  libinit2.o(.ARM.Collect$$libinit$$0000001D)
    __rt_lib_init_stdio_1                    0x08000253   Thumb Code     0  libinit2.o(.ARM.Collect$$libinit$$00000025)
    __rt_lib_shutdown                        0x08000255   Thumb Code     0  libshutdown.o(.ARM.Collect$$libshutdown$$00000000)
    __rt_lib_shutdown_fp_trap_1              0x08000257   Thumb Code     0  libshutdown2.o(.ARM.Collect$$libshutdown$$00000006)
    __rt_lib_shutdown_heap_1                 0x08000257   Thumb Code     0  libshutdown2.o(.ARM.Collect$$libshutdown$$0000000E)
    __rt_lib_shutdown_return                 0x08000257   Thumb Code     0  libshutdown2.o(.ARM.Collect$$libshutdown$$0000000F)
    __rt_lib_shutdown_signal_1               0x08000257   Thumb Code     0  libshutdown2.o(.ARM.Collect$$libshutdown$$00000009)
    __rt_lib_shutdown_stdio_1                0x08000257   Thumb Code     0  libshutdown2.o(.ARM.Collect$$libshutdown$$00000003)
    __rt_lib_shutdown_user_alloc_1           0x08000257   Thumb Code     0  libshutdown2.o(.ARM.Collect$$libshutdown$$0000000B)
    __rt_entry                               0x08000259   Thumb Code     0  __rtentry.o(.ARM.Collect$$rtentry$$00000000)
    __rt_entry_presh_1                       0x08000259   Thumb Code     0  __rtentry2.o(.ARM.Collect$$rtentry$$00000002)
    __rt_entry_sh                            0x08000259   Thumb Code     0  __rtentry4.o(.ARM.Collect$$rtentry$$00000004)
    __rt_entry_li                            0x0800025f   Thumb Code     0  __rtentry2.o(.ARM.Collect$$rtentry$$0000000A)
    __rt_entry_postsh_1                      0x0800025f   Thumb Code     0  __rtentry2.o(.ARM.Collect$$rtentry$$00000009)
    __rt_entry_main                          0x08000263   Thumb Code     0  __rtentry2.o(.ARM.Collect$$rtentry$$0000000D)
    __rt_entry_postli_1                      0x08000263   Thumb Code     0  __rtentry2.o(.ARM.Collect$$rtentry$$0000000C)
    __rt_exit                                0x0800026b   Thumb Code     0  rtexit.o(.ARM.Collect$$rtexit$$00000000)
    __rt_exit_ls                             0x0800026d   Thumb Code     0  rtexit2.o(.ARM.Collect$$rtexit$$00000003)
    __rt_exit_prels_1                        0x0800026d   Thumb Code     0  rtexit2.o(.ARM.Collect$$rtexit$$00000002)
    __rt_exit_exit                           0x08000271   Thumb Code     0  rtexit2.o(.ARM.Collect$$rtexit$$00000004)
    Reset_Handler                            0x08000279   Thumb Code     8  startup_stm32f103xe.o(.text)
    PendSV_Handler                           0x0800028f   Thumb Code     2  startup_stm32f103xe.o(.text)
    SysTick_Handler                          0x08000291   Thumb Code     2  startup_stm32f103xe.o(.text)
    ADC1_2_IRQHandler                        0x08000293   Thumb Code     0  startup_stm32f103xe.o(.text)
    ADC3_IRQHandler                          0x08000293   Thumb Code     0  startup_stm32f103xe.o(.text)
    CAN1_RX1_IRQHandler                      0x08000293   Thumb Code     0  startup_stm32f103xe.o(.text)
    CAN1_SCE_IRQHandler                      0x08000293   Thumb Code     0  startup_stm32f103xe.o(.text)
    DMA1_Channel1_IRQHandler                 0x08000293   Thumb Code     0  startup_stm32f103xe.o(.text)
    DMA1_Channel2_IRQHandler                 0x08000293   Thumb Code     0  startup_stm32f103xe.o(.text)
    DMA1_Channel3_IRQHandler                 0x08000293   Thumb Code     0  startup_stm32f103xe.o(.text)
    DMA1_Channel4_IRQHandler                 0x08000293   Thumb Code     0  startup_stm32f103xe.o(.text)
    DMA1_Channel5_IRQHandler                 0x08000293   Thumb Code     0  startup_stm32f103xe.o(.text)
    DMA1_Channel6_IRQHandler                 0x08000293   Thumb Code     0  startup_stm32f103xe.o(.text)
    DMA1_Channel7_IRQHandler                 0x08000293   Thumb Code     0  startup_stm32f103xe.o(.text)
    DMA2_Channel1_IRQHandler                 0x08000293   Thumb Code     0  startup_stm32f103xe.o(.text)
    DMA2_Channel2_IRQHandler                 0x08000293   Thumb Code     0  startup_stm32f103xe.o(.text)
    DMA2_Channel3_IRQHandler                 0x08000293   Thumb Code     0  startup_stm32f103xe.o(.text)
    DMA2_Channel4_5_IRQHandler               0x08000293   Thumb Code     0  startup_stm32f103xe.o(.text)
    EXTI0_IRQHandler                         0x08000293   Thumb Code     0  startup_stm32f103xe.o(.text)
    EXTI15_10_IRQHandler                     0x08000293   Thumb Code     0  startup_stm32f103xe.o(.text)
    EXTI1_IRQHandler                         0x08000293   Thumb Code     0  startup_stm32f103xe.o(.text)
    EXTI2_IRQHandler                         0x08000293   Thumb Code     0  startup_stm32f103xe.o(.text)
    EXTI3_IRQHandler                         0x08000293   Thumb Code     0  startup_stm32f103xe.o(.text)
    EXTI4_IRQHandler                         0x08000293   Thumb Code     0  startup_stm32f103xe.o(.text)
    EXTI9_5_IRQHandler                       0x08000293   Thumb Code     0  startup_stm32f103xe.o(.text)
    FLASH_IRQHandler                         0x08000293   Thumb Code     0  startup_stm32f103xe.o(.text)
    FSMC_IRQHandler                          0x08000293   Thumb Code     0  startup_stm32f103xe.o(.text)
    I2C1_ER_IRQHandler                       0x08000293   Thumb Code     0  startup_stm32f103xe.o(.text)
    I2C1_EV_IRQHandler                       0x08000293   Thumb Code     0  startup_stm32f103xe.o(.text)
    I2C2_ER_IRQHandler                       0x08000293   Thumb Code     0  startup_stm32f103xe.o(.text)
    I2C2_EV_IRQHandler                       0x08000293   Thumb Code     0  startup_stm32f103xe.o(.text)
    PVD_IRQHandler                           0x08000293   Thumb Code     0  startup_stm32f103xe.o(.text)
    RCC_IRQHandler                           0x08000293   Thumb Code     0  startup_stm32f103xe.o(.text)
    RTC_Alarm_IRQHandler                     0x08000293   Thumb Code     0  startup_stm32f103xe.o(.text)
    RTC_IRQHandler                           0x08000293   Thumb Code     0  startup_stm32f103xe.o(.text)
    SDIO_IRQHandler                          0x08000293   Thumb Code     0  startup_stm32f103xe.o(.text)
    SPI1_IRQHandler                          0x08000293   Thumb Code     0  startup_stm32f103xe.o(.text)
    SPI2_IRQHandler                          0x08000293   Thumb Code     0  startup_stm32f103xe.o(.text)
    SPI3_IRQHandler                          0x08000293   Thumb Code     0  startup_stm32f103xe.o(.text)
    TAMPER_IRQHandler                        0x08000293   Thumb Code     0  startup_stm32f103xe.o(.text)
    TIM1_BRK_IRQHandler                      0x08000293   Thumb Code     0  startup_stm32f103xe.o(.text)
    TIM1_CC_IRQHandler                       0x08000293   Thumb Code     0  startup_stm32f103xe.o(.text)
    TIM1_TRG_COM_IRQHandler                  0x08000293   Thumb Code     0  startup_stm32f103xe.o(.text)
    TIM1_UP_IRQHandler                       0x08000293   Thumb Code     0  startup_stm32f103xe.o(.text)
    TIM2_IRQHandler                          0x08000293   Thumb Code     0  startup_stm32f103xe.o(.text)
    TIM3_IRQHandler                          0x08000293   Thumb Code     0  startup_stm32f103xe.o(.text)
    TIM4_IRQHandler                          0x08000293   Thumb Code     0  startup_stm32f103xe.o(.text)
    TIM5_IRQHandler                          0x08000293   Thumb Code     0  startup_stm32f103xe.o(.text)
    TIM6_IRQHandler                          0x08000293   Thumb Code     0  startup_stm32f103xe.o(.text)
    TIM7_IRQHandler                          0x08000293   Thumb Code     0  startup_stm32f103xe.o(.text)
    TIM8_BRK_IRQHandler                      0x08000293   Thumb Code     0  startup_stm32f103xe.o(.text)
    TIM8_CC_IRQHandler                       0x08000293   Thumb Code     0  startup_stm32f103xe.o(.text)
    TIM8_TRG_COM_IRQHandler                  0x08000293   Thumb Code     0  startup_stm32f103xe.o(.text)
    TIM8_UP_IRQHandler                       0x08000293   Thumb Code     0  startup_stm32f103xe.o(.text)
    UART4_IRQHandler                         0x08000293   Thumb Code     0  startup_stm32f103xe.o(.text)
    UART5_IRQHandler                         0x08000293   Thumb Code     0  startup_stm32f103xe.o(.text)
    USART2_IRQHandler                        0x08000293   Thumb Code     0  startup_stm32f103xe.o(.text)
    USBWakeUp_IRQHandler                     0x08000293   Thumb Code     0  startup_stm32f103xe.o(.text)
    USB_HP_CAN1_TX_IRQHandler                0x08000293   Thumb Code     0  startup_stm32f103xe.o(.text)
    USB_LP_CAN1_RX0_IRQHandler               0x08000293   Thumb Code     0  startup_stm32f103xe.o(.text)
    WWDG_IRQHandler                          0x08000293   Thumb Code     0  startup_stm32f103xe.o(.text)
    __user_initial_stackheap                 0x08000295   Thumb Code     0  startup_stm32f103xe.o(.text)
    __use_no_semihosting                     0x080002b9   Thumb Code     2  use_no_semi_2.o(.text)
    vsprintf                                 0x080002bd   Thumb Code    32  vsprintf.o(.text)
    __2printf                                0x080002e1   Thumb Code    20  __2printf.o(.text)
    __2sprintf                               0x080002f9   Thumb Code    38  __2sprintf.o(.text)
    _printf_str                              0x08000325   Thumb Code    82  _printf_str.o(.text)
    _printf_int_dec                          0x08000379   Thumb Code   104  _printf_dec.o(.text)
    _printf_longlong_hex                     0x080003f1   Thumb Code    86  _printf_hex_int_ll_ptr.o(.text)
    _printf_int_hex                          0x08000447   Thumb Code    28  _printf_hex_int_ll_ptr.o(.text)
    _printf_ll_hex                           0x08000463   Thumb Code    12  _printf_hex_int_ll_ptr.o(.text)
    _printf_hex_ptr                          0x0800046f   Thumb Code    18  _printf_hex_int_ll_ptr.o(.text)
    __printf                                 0x08000485   Thumb Code   388  __printf_flags_ss_wp.o(.text)
    strstr                                   0x0800060d   Thumb Code    36  strstr.o(.text)
    strlen                                   0x08000631   Thumb Code    62  strlen.o(.text)
    strcat                                   0x0800066f   Thumb Code    24  strcat.o(.text)
    __aeabi_memclr4                          0x08000687   Thumb Code     0  rt_memclr_w.o(.text)
    __aeabi_memclr8                          0x08000687   Thumb Code     0  rt_memclr_w.o(.text)
    __rt_memclr_w                            0x08000687   Thumb Code    78  rt_memclr_w.o(.text)
    _memset_w                                0x0800068b   Thumb Code     0  rt_memclr_w.o(.text)
    __use_two_region_memory                  0x080006d5   Thumb Code     2  heapauxi.o(.text)
    __rt_heap_escrow$2region                 0x080006d7   Thumb Code     2  heapauxi.o(.text)
    __rt_heap_expand$2region                 0x080006d9   Thumb Code     2  heapauxi.o(.text)
    __semihosting$guard                      0x080006db   Thumb Code     0  use_no_semi.o(.text)
    __use_no_semihosting_swi                 0x080006db   Thumb Code     2  use_no_semi.o(.text)
    _printf_pre_padding                      0x080006dd   Thumb Code    44  _printf_pad.o(.text)
    _printf_post_padding                     0x08000709   Thumb Code    34  _printf_pad.o(.text)
    _printf_truncate_signed                  0x0800072b   Thumb Code    18  _printf_truncate.o(.text)
    _printf_truncate_unsigned                0x0800073d   Thumb Code    18  _printf_truncate.o(.text)
    _printf_int_common                       0x0800074f   Thumb Code   178  _printf_intcommon.o(.text)
    _printf_charcount                        0x08000801   Thumb Code    40  _printf_charcount.o(.text)
    _printf_char_common                      0x08000833   Thumb Code    32  _printf_char_common.o(.text)
    _sputc                                   0x08000859   Thumb Code    10  _sputc.o(.text)
    _printf_cs_common                        0x08000863   Thumb Code    20  _printf_char.o(.text)
    _printf_char                             0x08000877   Thumb Code    16  _printf_char.o(.text)
    _printf_string                           0x08000887   Thumb Code     8  _printf_char.o(.text)
    _printf_char_file                        0x08000891   Thumb Code    32  _printf_char_file.o(.text)
    _printf_wctomb                           0x080008b5   Thumb Code   182  _printf_wctomb.o(.text)
    _printf_longlong_dec                     0x08000971   Thumb Code   108  _printf_longlong_dec.o(.text)
    _printf_longlong_oct                     0x080009ed   Thumb Code    68  _printf_oct_int_ll.o(.text)
    _printf_int_oct                          0x08000a31   Thumb Code    24  _printf_oct_int_ll.o(.text)
    _printf_ll_oct                           0x08000a49   Thumb Code    12  _printf_oct_int_ll.o(.text)
    _ll_udiv10                               0x08000a5d   Thumb Code   138  lludiv10.o(.text)
    __lib_sel_fp_printf                      0x08000ae7   Thumb Code     2  _printf_fp_dec.o(.text)
    _printf_fp_dec_real                      0x08000c95   Thumb Code   620  _printf_fp_dec.o(.text)
    _printf_fp_hex_real                      0x08000f01   Thumb Code   754  _printf_fp_hex.o(.text)
    _printf_lcs_common                       0x080011fd   Thumb Code    20  _printf_wchar.o(.text)
    _printf_wchar                            0x08001211   Thumb Code    16  _printf_wchar.o(.text)
    _printf_wstring                          0x08001221   Thumb Code     8  _printf_wchar.o(.text)
    ferror                                   0x08001229   Thumb Code     8  ferror.o(.text)
    _wcrtomb                                 0x08001231   Thumb Code    64  _wcrtomb.o(.text)
    __user_setup_stackheap                   0x08001271   Thumb Code    74  sys_stackheap_outer.o(.text)
    __rt_ctype_table                         0x080012bd   Thumb Code    16  rt_ctype_table.o(.text)
    __rt_locale                              0x080012cd   Thumb Code     8  rt_locale_intlibspace.o(.text)
    _printf_fp_infnan                        0x080012d5   Thumb Code   112  _printf_fp_infnan.o(.text)
    _btod_etento                             0x08001355   Thumb Code   216  bigflt0.o(.text)
    exit                                     0x08001431   Thumb Code    12  exit.o(.text)
    __user_libspace                          0x0800143d   Thumb Code     8  libspace.o(.text)
    __user_perproc_libspace                  0x0800143d   Thumb Code     0  libspace.o(.text)
    __user_perthread_libspace                0x0800143d   Thumb Code     0  libspace.o(.text)
    strcmp                                   0x08001445   Thumb Code   128  strcmpv7m.o(.text)
    _btod_d2e                                0x080014c5   Thumb Code    62  btod.o(CL$$btod_d2e)
    _d2e_denorm_low                          0x08001503   Thumb Code    70  btod.o(CL$$btod_d2e_denorm_low)
    _d2e_norm_op1                            0x08001549   Thumb Code    96  btod.o(CL$$btod_d2e_norm_op1)
    __btod_div_common                        0x080015a9   Thumb Code   696  btod.o(CL$$btod_div_common)
    _e2e                                     0x080018e1   Thumb Code   198  btod.o(CL$$btod_e2e)
    _btod_ediv                               0x080019a7   Thumb Code    40  btod.o(CL$$btod_ediv)
    _btod_emul                               0x080019cf   Thumb Code    40  btod.o(CL$$btod_emul)
    __btod_mult_common                       0x080019f7   Thumb Code   580  btod.o(CL$$btod_mult_common)
    ADC_ConversionStop_Disable               0x08001c3b   Thumb Code    82  stm32f1xx_hal_adc.o(i.ADC_ConversionStop_Disable)
    ADC_Enable                               0x08001c8d   Thumb Code   122  stm32f1xx_hal_adc.o(i.ADC_Enable)
    BH1750init                               0x08001d11   Thumb Code    32  gy-30.o(i.BH1750init)
    BusFault_Handler                         0x08001d31   Thumb Code     4  stm32f1xx_it.o(i.BusFault_Handler)
    DHT11_Check                              0x08001d35   Thumb Code    92  dht11.o(i.DHT11_Check)
    DHT11_Init                               0x08001d99   Thumb Code    66  dht11.o(i.DHT11_Init)
    DHT11_Read_Bit                           0x08001de5   Thumb Code    70  dht11.o(i.DHT11_Read_Bit)
    DHT11_Read_Byte                          0x08001e31   Thumb Code    30  dht11.o(i.DHT11_Read_Byte)
    DHT11_Read_Data                          0x08001e4f   Thumb Code    88  dht11.o(i.DHT11_Read_Data)
    DHT11_Rst                                0x08001ea9   Thumb Code    52  dht11.o(i.DHT11_Rst)
    DebugMon_Handler                         0x08001ee9   Thumb Code     2  stm32f1xx_it.o(i.DebugMon_Handler)
    FSMC_NORSRAM_Extended_Timing_Init        0x08001eed   Thumb Code    62  stm32f1xx_ll_fsmc.o(i.FSMC_NORSRAM_Extended_Timing_Init)
    FSMC_NORSRAM_Init                        0x08001f31   Thumb Code   116  stm32f1xx_ll_fsmc.o(i.FSMC_NORSRAM_Init)
    FSMC_NORSRAM_Timing_Init                 0x08001fa9   Thumb Code    66  stm32f1xx_ll_fsmc.o(i.FSMC_NORSRAM_Timing_Init)
    HAL_ADCEx_Calibration_Start              0x08001fed   Thumb Code   256  stm32f1xx_hal_adc_ex.o(i.HAL_ADCEx_Calibration_Start)
    HAL_ADC_Init                             0x080020f1   Thumb Code   340  stm32f1xx_hal_adc.o(i.HAL_ADC_Init)
    HAL_ADC_MspInit                          0x08002251   Thumb Code    82  adc.o(i.HAL_ADC_MspInit)
    HAL_DMA_Abort_IT                         0x080022ad   Thumb Code   414  stm32f1xx_hal_dma.o(i.HAL_DMA_Abort_IT)
    HAL_GPIO_Init                            0x08002455   Thumb Code   792  stm32f1xx_hal_gpio.o(i.HAL_GPIO_Init)
    HAL_GPIO_ReadPin                         0x08002795   Thumb Code    16  stm32f1xx_hal_gpio.o(i.HAL_GPIO_ReadPin)
    HAL_GPIO_TogglePin                       0x080027a5   Thumb Code    20  stm32f1xx_hal_gpio.o(i.HAL_GPIO_TogglePin)
    HAL_GPIO_WritePin                        0x080027b9   Thumb Code    12  stm32f1xx_hal_gpio.o(i.HAL_GPIO_WritePin)
    HAL_GetTick                              0x080027c5   Thumb Code     6  stm32f1xx_hal.o(i.HAL_GetTick)
    HAL_Init                                 0x080027d1   Thumb Code    34  stm32f1xx_hal.o(i.HAL_Init)
    HAL_InitTick                             0x080027f9   Thumb Code    64  stm32f1xx_hal.o(i.HAL_InitTick)
    HAL_MspInit                              0x08002845   Thumb Code     2  stm32f1xx_hal.o(i.HAL_MspInit)
    HAL_NVIC_EnableIRQ                       0x08002847   Thumb Code    32  stm32f1xx_hal_cortex.o(i.HAL_NVIC_EnableIRQ)
    HAL_NVIC_SetPriority                     0x08002867   Thumb Code   124  stm32f1xx_hal_cortex.o(i.HAL_NVIC_SetPriority)
    HAL_NVIC_SetPriorityGrouping             0x080028e5   Thumb Code    32  stm32f1xx_hal_cortex.o(i.HAL_NVIC_SetPriorityGrouping)
    HAL_RCCEx_GetPeriphCLKFreq               0x0800290d   Thumb Code   276  stm32f1xx_hal_rcc_ex.o(i.HAL_RCCEx_GetPeriphCLKFreq)
    HAL_RCCEx_PeriphCLKConfig                0x08002a41   Thumb Code   290  stm32f1xx_hal_rcc_ex.o(i.HAL_RCCEx_PeriphCLKConfig)
    HAL_RCC_ClockConfig                      0x08002b71   Thumb Code   376  stm32f1xx_hal_rcc.o(i.HAL_RCC_ClockConfig)
    HAL_RCC_GetHCLKFreq                      0x08002cfd   Thumb Code     6  stm32f1xx_hal_rcc.o(i.HAL_RCC_GetHCLKFreq)
    HAL_RCC_GetPCLK1Freq                     0x08002d09   Thumb Code    22  stm32f1xx_hal_rcc.o(i.HAL_RCC_GetPCLK1Freq)
    HAL_RCC_GetPCLK2Freq                     0x08002d29   Thumb Code    22  stm32f1xx_hal_rcc.o(i.HAL_RCC_GetPCLK2Freq)
    HAL_RCC_GetSysClockFreq                  0x08002d49   Thumb Code   116  stm32f1xx_hal_rcc.o(i.HAL_RCC_GetSysClockFreq)
    HAL_RCC_OscConfig                        0x08002ddd   Thumb Code  1114  stm32f1xx_hal_rcc.o(i.HAL_RCC_OscConfig)
    HAL_SRAM_Init                            0x08003241   Thumb Code   102  stm32f1xx_hal_sram.o(i.HAL_SRAM_Init)
    HAL_SRAM_MspInit                         0x080032a9   Thumb Code   130  lcd.o(i.HAL_SRAM_MspInit)
    HAL_SYSTICK_CLKSourceConfig              0x08003339   Thumb Code    40  stm32f1xx_hal_cortex.o(i.HAL_SYSTICK_CLKSourceConfig)
    HAL_SYSTICK_Config                       0x08003361   Thumb Code    52  stm32f1xx_hal_cortex.o(i.HAL_SYSTICK_Config)
    HAL_UART_ErrorCallback                   0x08003395   Thumb Code     2  stm32f1xx_hal_uart.o(i.HAL_UART_ErrorCallback)
    HAL_UART_IRQHandler                      0x08003399   Thumb Code   334  stm32f1xx_hal_uart.o(i.HAL_UART_IRQHandler)
    HAL_UART_Init                            0x080034ed   Thumb Code   114  stm32f1xx_hal_uart.o(i.HAL_UART_Init)
    HAL_UART_MspInit                         0x08003561   Thumb Code   358  usart.o(i.HAL_UART_MspInit)
    HAL_UART_Receive                         0x080036dd   Thumb Code   216  stm32f1xx_hal_uart.o(i.HAL_UART_Receive)
    HAL_UART_Receive_IT                      0x080037b5   Thumb Code   112  stm32f1xx_hal_uart.o(i.HAL_UART_Receive_IT)
    HAL_UART_RxCpltCallback                  0x08003825   Thumb Code   120  usart.o(i.HAL_UART_RxCpltCallback)
    HAL_UART_Transmit                        0x080038ad   Thumb Code   210  stm32f1xx_hal_uart.o(i.HAL_UART_Transmit)
    HAL_UART_TxCpltCallback                  0x0800397f   Thumb Code     2  stm32f1xx_hal_uart.o(i.HAL_UART_TxCpltCallback)
    HardFault_Handler                        0x08003981   Thumb Code     4  stm32f1xx_it.o(i.HardFault_Handler)
    IIC_Init                                 0x08003985   Thumb Code    58  gy-30.o(i.IIC_Init)
    IIC_Read_Byte                            0x080039c9   Thumb Code    92  gy-30.o(i.IIC_Read_Byte)
    IIC_SendAck                              0x08003a31   Thumb Code    70  gy-30.o(i.IIC_SendAck)
    IIC_Send_Byte                            0x08003a85   Thumb Code    98  gy-30.o(i.IIC_Send_Byte)
    IIC_Start                                0x08003af1   Thumb Code    58  gy-30.o(i.IIC_Start)
    IIC_Stop                                 0x08003b39   Thumb Code    64  gy-30.o(i.IIC_Stop)
    IIC_Wait_Ack                             0x08003b85   Thumb Code   102  gy-30.o(i.IIC_Wait_Ack)
    MY_ADC_Init                              0x08003bf9   Thumb Code    66  adc.o(i.MY_ADC_Init)
    MemManage_Handler                        0x08003c45   Thumb Code     4  stm32f1xx_it.o(i.MemManage_Handler)
    NMI_Handler                              0x08003c49   Thumb Code     2  stm32f1xx_it.o(i.NMI_Handler)
    OneNet_FillBuf                           0x08003c4d   Thumb Code   256  demo.o(i.OneNet_FillBuf)
    SDA_IN                                   0x08003e05   Thumb Code    22  sgp30.o(i.SDA_IN)
    SDA_OUT                                  0x08003e21   Thumb Code    24  sgp30.o(i.SDA_OUT)
    SGP30_GPIO_Init                          0x08003e3d   Thumb Code    68  sgp30.o(i.SGP30_GPIO_Init)
    SGP30_IIC_Ack                            0x08003e89   Thumb Code    48  sgp30.o(i.SGP30_IIC_Ack)
    SGP30_IIC_NAck                           0x08003ec1   Thumb Code    48  sgp30.o(i.SGP30_IIC_NAck)
    SGP30_IIC_Read_Byte                      0x08003ef9   Thumb Code    86  sgp30.o(i.SGP30_IIC_Read_Byte)
    SGP30_IIC_Send_Byte                      0x08003f5d   Thumb Code    92  sgp30.o(i.SGP30_IIC_Send_Byte)
    SGP30_IIC_Start                          0x08003fc1   Thumb Code    46  sgp30.o(i.SGP30_IIC_Start)
    SGP30_IIC_Stop                           0x08003ff9   Thumb Code    44  sgp30.o(i.SGP30_IIC_Stop)
    SGP30_IIC_Wait_Ack                       0x0800402d   Thumb Code    74  sgp30.o(i.SGP30_IIC_Wait_Ack)
    SGP30_Init                               0x08004085   Thumb Code    16  sgp30.o(i.SGP30_Init)
    SGP30_Read                               0x08004095   Thumb Code    72  sgp30.o(i.SGP30_Read)
    SGP30_Write                              0x080040dd   Thumb Code    52  sgp30.o(i.SGP30_Write)
    SVC_Handler                              0x08004111   Thumb Code     2  stm32f1xx_it.o(i.SVC_Handler)
    SystemInit                               0x08004113   Thumb Code     2  system_stm32f1xx.o(i.SystemInit)
    USART1_IRQHandler                        0x080043d1   Thumb Code    26  usart.o(i.USART1_IRQHandler)
    USART3_IRQHandler                        0x080043f5   Thumb Code   252  atk_mw8266d_uart.o(i.USART3_IRQHandler)
    UsageFault_Handler                       0x080044f9   Thumb Code     4  stm32f1xx_it.o(i.UsageFault_Handler)
    __ARM_fpclassify                         0x080044fd   Thumb Code    40  fpclassify.o(i.__ARM_fpclassify)
    _is_digit                                0x0800455d   Thumb Code    14  __printf_wp.o(i._is_digit)
    _sys_exit                                0x0800456b   Thumb Code     4  usart.o(i._sys_exit)
    atk_mw8266d_at_test                      0x08004571   Thumb Code    38  atk_mw8266d.o(i.atk_mw8266d_at_test)
    atk_mw8266d_ate_config                   0x080045a1   Thumb Code    60  atk_mw8266d.o(i.atk_mw8266d_ate_config)
    atk_mw8266d_connect_tcp_server           0x080045f1   Thumb Code    46  atk_mw8266d.o(i.atk_mw8266d_connect_tcp_server)
    atk_mw8266d_enter_unvarnished            0x08004645   Thumb Code    42  atk_mw8266d.o(i.atk_mw8266d_enter_unvarnished)
    atk_mw8266d_get_ip                       0x08004695   Thumb Code    70  atk_mw8266d.o(i.atk_mw8266d_get_ip)
    atk_mw8266d_hw_reset                     0x0800473d   Thumb Code    46  atk_mw8266d.o(i.atk_mw8266d_hw_reset)
    atk_mw8266d_init                         0x08004771   Thumb Code    32  atk_mw8266d.o(i.atk_mw8266d_init)
    atk_mw8266d_join_ap                      0x08004791   Thumb Code    46  atk_mw8266d.o(i.atk_mw8266d_join_ap)
    atk_mw8266d_restore                      0x080047e1   Thumb Code    26  atk_mw8266d.o(i.atk_mw8266d_restore)
    atk_mw8266d_send_at_cmd                  0x08004811   Thumb Code    78  atk_mw8266d.o(i.atk_mw8266d_send_at_cmd)
    atk_mw8266d_set_mode                     0x08004869   Thumb Code    82  atk_mw8266d.o(i.atk_mw8266d_set_mode)
    atk_mw8266d_single_connection            0x080048e5   Thumb Code    26  atk_mw8266d.o(i.atk_mw8266d_single_connection)
    atk_mw8266d_sw_reset                     0x08004911   Thumb Code    26  atk_mw8266d.o(i.atk_mw8266d_sw_reset)
    atk_mw8266d_uart_init                    0x08004939   Thumb Code    38  atk_mw8266d_uart.o(i.atk_mw8266d_uart_init)
    atk_mw8266d_uart_printf                  0x08004969   Thumb Code    50  atk_mw8266d_uart.o(i.atk_mw8266d_uart_printf)
    atk_mw8266d_uart_rx_get_frame            0x080049a5   Thumb Code    38  atk_mw8266d_uart.o(i.atk_mw8266d_uart_rx_get_frame)
    atk_mw8266d_uart_rx_restart              0x080049d1   Thumb Code    32  atk_mw8266d_uart.o(i.atk_mw8266d_uart_rx_restart)
    bh_data_read                             0x080049f5   Thumb Code    58  gy-30.o(i.bh_data_read)
    bh_data_send                             0x08004a2f   Thumb Code    40  gy-30.o(i.bh_data_send)
    delay_init                               0x08004a59   Thumb Code    34  delay.o(i.delay_init)
    delay_ms                                 0x08004a81   Thumb Code    50  delay.o(i.delay_ms)
    delay_us                                 0x08004ab9   Thumb Code    72  delay.o(i.delay_us)
    fputc                                    0x08004b05   Thumb Code    24  usart.o(i.fputc)
    information_connection                   0x08004b21   Thumb Code    62  demo.o(i.information_connection)
    key_init                                 0x08004b69   Thumb Code   172  key.o(i.key_init)
    lcd_clear                                0x08004c21   Thumb Code    42  lcd.o(i.lcd_clear)
    lcd_display_dir                          0x08004c55   Thumb Code   298  lcd.o(i.lcd_display_dir)
    lcd_draw_point                           0x08004d85   Thumb Code    26  lcd.o(i.lcd_draw_point)
    lcd_ex_ili9341_reginit                   0x08004da5   Thumb Code   556  lcd.o(i.lcd_ex_ili9341_reginit)
    lcd_ex_nt35310_reginit                   0x08004fd1   Thumb Code  3826  lcd.o(i.lcd_ex_nt35310_reginit)
    lcd_ex_nt35510_reginit                   0x08005ec3   Thumb Code  3836  lcd.o(i.lcd_ex_nt35510_reginit)
    lcd_ex_ssd1963_reginit                   0x08006dbf   Thumb Code   366  lcd.o(i.lcd_ex_ssd1963_reginit)
    lcd_ex_st7789_reginit                    0x08006f2d   Thumb Code   424  lcd.o(i.lcd_ex_st7789_reginit)
    lcd_init                                 0x080070d5   Thumb Code   898  lcd.o(i.lcd_init)
    lcd_scan_dir                             0x080074bd   Thumb Code   556  lcd.o(i.lcd_scan_dir)
    lcd_set_cursor                           0x080076ed   Thumb Code   282  lcd.o(i.lcd_set_cursor)
    lcd_show_char                            0x0800780d   Thumb Code   294  lcd.o(i.lcd_show_char)
    lcd_show_num                             0x0800794d   Thumb Code   152  lcd.o(i.lcd_show_num)
    lcd_show_string                          0x080079e5   Thumb Code   106  lcd.o(i.lcd_show_string)
    lcd_ssd_backlight_set                    0x08007a51   Thumb Code    80  lcd.o(i.lcd_ssd_backlight_set)
    lcd_wr_data                              0x08007aa5   Thumb Code    18  lcd.o(i.lcd_wr_data)
    lcd_wr_regno                             0x08007abd   Thumb Code    18  lcd.o(i.lcd_wr_regno)
    lcd_write_ram_prepare                    0x08007ad5   Thumb Code    10  lcd.o(i.lcd_write_ram_prepare)
    lcd_write_reg                            0x08007ae9   Thumb Code    10  lcd.o(i.lcd_write_reg)
    led_init                                 0x08007af9   Thumb Code   132  led.o(i.led_init)
    main                                     0x08007b89   Thumb Code   518  main.o(i.main)
    show_mesg                                0x08007de9   Thumb Code   184  main.o(i.show_mesg)
    sys_stm32_clock_init                     0x08007f71   Thumb Code    86  sys.o(i.sys_stm32_clock_init)
    usart_init                               0x08007fc9   Thumb Code    44  usart.o(i.usart_init)
    wifi_init                                0x08008001   Thumb Code   280  demo.o(i.wifi_init)
    _get_lc_numeric                          0x0800821d   Thumb Code    44  lc_numeric_c.o(locale$$code)
    _get_lc_ctype                            0x08008249   Thumb Code    44  lc_ctype_c.o(locale$$code)
    __aeabi_d2uiz                            0x08008275   Thumb Code     0  dfixu.o(x$fpl$dfixu)
    _dfixu                                   0x08008275   Thumb Code    90  dfixu.o(x$fpl$dfixu)
    __aeabi_ui2d                             0x080082cf   Thumb Code     0  dflt_clz.o(x$fpl$dfltu)
    _dfltu                                   0x080082cf   Thumb Code    38  dflt_clz.o(x$fpl$dfltu)
    __aeabi_dmul                             0x080082f5   Thumb Code     0  dmul.o(x$fpl$dmul)
    _dmul                                    0x080082f5   Thumb Code   332  dmul.o(x$fpl$dmul)
    __fpl_dnaninf                            0x08008449   Thumb Code   156  dnaninf.o(x$fpl$dnaninf)
    __fpl_dretinf                            0x080084e5   Thumb Code    12  dretinf.o(x$fpl$dretinf)
    _printf_fp_dec                           0x080084f1   Thumb Code     4  printf1.o(x$fpl$printf1)
    _printf_fp_hex                           0x080084f5   Thumb Code     4  printf2.o(x$fpl$printf2)
    AHBPrescTable                            0x080084f8   Data          16  system_stm32f1xx.o(.constdata)
    __I$use$fp                               0x080084f8   Number         0  usenofp.o(x$fpl$usenofp)
    APBPrescTable                            0x08008508   Data           8  system_stm32f1xx.o(.constdata)
    asc2_1206                                0x08008510   Data        1140  lcd.o(.constdata)
    asc2_1608                                0x08008984   Data        1520  lcd.o(.constdata)
    asc2_2412                                0x08008f74   Data        3420  lcd.o(.constdata)
    asc2_3216                                0x08009cd0   Data        6080  lcd.o(.constdata)
    Region$$Table$$Base                      0x0800b5f8   Number         0  anon$$obj.o(Region$$Table)
    Region$$Table$$Limit                     0x0800b618   Number         0  anon$$obj.o(Region$$Table)
    __ctype                                  0x0800b641   Data           0  lc_ctype_c.o(locale$$data)
    SystemCoreClock                          0x20000000   Data           4  system_stm32f1xx.o(.data)
    __stdout                                 0x20000008   Data           4  usart.o(.data)
    g_usart_rx_sta                           0x2000000c   Data           2  usart.o(.data)
    g_rx_buffer                              0x2000000e   Data           1  usart.o(.data)
    uwTick                                   0x20000010   Data           4  stm32f1xx_hal.o(.data)
    uwTickPrio                               0x20000014   Data           4  stm32f1xx_hal.o(.data)
    uwTickFreq                               0x20000018   Data           1  stm32f1xx_hal.o(.data)
    g_point_color                            0x2000001c   Data           4  lcd.o(.data)
    g_back_color                             0x20000020   Data           4  lcd.o(.data)
    g_usart_rx_buf                           0x20000024   Data         200  usart.o(.bss)
    g_uart1_handle                           0x200000ec   Data          64  usart.o(.bss)
    g_sram_handle                            0x2000012c   Data          72  lcd.o(.bss)
    lcddev                                   0x20000174   Data          14  lcd.o(.bss)
    ADC3_Handler                             0x20000288   Data          48  adc.o(.bss)
    __libspace_start                         0x200002b8   Data          96  libspace.o(.bss)
    __temporary_stack_top$libspace           0x20000318   Data           0  libspace.o(.bss)



==============================================================================

Memory Map of the image

  Image Entry point : 0x08000131

  Load Region LR_IROM1 (Base: 0x08000000, Size: 0x0000b768, Max: 0x00080000, ABSOLUTE)

    Execution Region ER_IROM1 (Base: 0x08000000, Size: 0x0000b744, Max: 0x00080000, ABSOLUTE)

    Base Addr    Size         Type   Attr      Idx    E Section Name        Object

    0x08000000   0x00000130   Data   RO            3    RESET               startup_stm32f103xe.o
    0x08000130   0x00000008   Code   RO         4475  * !!!main             c_w.l(__main.o)
    0x08000138   0x00000034   Code   RO         4759    !!!scatter          c_w.l(__scatter.o)
    0x0800016c   0x0000001a   Code   RO         4761    !!handler_copy      c_w.l(__scatter_copy.o)
    0x08000186   0x00000002   PAD
    0x08000188   0x0000001c   Code   RO         4763    !!handler_zi        c_w.l(__scatter_zi.o)
    0x080001a4   0x00000000   Code   RO         4464    .ARM.Collect$$_printf_percent$$00000000  c_w.l(_printf_percent.o)
    0x080001a4   0x00000006   Code   RO         4520    .ARM.Collect$$_printf_percent$$00000001  c_w.l(_printf_n.o)
    0x080001aa   0x00000006   Code   RO         4521    .ARM.Collect$$_printf_percent$$00000002  c_w.l(_printf_p.o)
    0x080001b0   0x00000006   Code   RO         4525    .ARM.Collect$$_printf_percent$$00000003  c_w.l(_printf_f.o)
    0x080001b6   0x00000006   Code   RO         4526    .ARM.Collect$$_printf_percent$$00000004  c_w.l(_printf_e.o)
    0x080001bc   0x00000006   Code   RO         4527    .ARM.Collect$$_printf_percent$$00000005  c_w.l(_printf_g.o)
    0x080001c2   0x00000006   Code   RO         4528    .ARM.Collect$$_printf_percent$$00000006  c_w.l(_printf_a.o)
    0x080001c8   0x0000000a   Code   RO         4533    .ARM.Collect$$_printf_percent$$00000007  c_w.l(_printf_ll.o)
    0x080001d2   0x00000006   Code   RO         4523    .ARM.Collect$$_printf_percent$$00000008  c_w.l(_printf_i.o)
    0x080001d8   0x00000006   Code   RO         4463    .ARM.Collect$$_printf_percent$$00000009  c_w.l(_printf_d.o)
    0x080001de   0x00000006   Code   RO         4524    .ARM.Collect$$_printf_percent$$0000000A  c_w.l(_printf_u.o)
    0x080001e4   0x00000006   Code   RO         4522    .ARM.Collect$$_printf_percent$$0000000B  c_w.l(_printf_o.o)
    0x080001ea   0x00000006   Code   RO         4462    .ARM.Collect$$_printf_percent$$0000000C  c_w.l(_printf_x.o)
    0x080001f0   0x00000006   Code   RO         4530    .ARM.Collect$$_printf_percent$$0000000D  c_w.l(_printf_lli.o)
    0x080001f6   0x00000006   Code   RO         4531    .ARM.Collect$$_printf_percent$$0000000E  c_w.l(_printf_lld.o)
    0x080001fc   0x00000006   Code   RO         4532    .ARM.Collect$$_printf_percent$$0000000F  c_w.l(_printf_llu.o)
    0x08000202   0x00000006   Code   RO         4537    .ARM.Collect$$_printf_percent$$00000010  c_w.l(_printf_llo.o)
    0x08000208   0x00000006   Code   RO         4538    .ARM.Collect$$_printf_percent$$00000011  c_w.l(_printf_llx.o)
    0x0800020e   0x0000000a   Code   RO         4534    .ARM.Collect$$_printf_percent$$00000012  c_w.l(_printf_l.o)
    0x08000218   0x00000006   Code   RO         4519    .ARM.Collect$$_printf_percent$$00000013  c_w.l(_printf_c.o)
    0x0800021e   0x00000006   Code   RO         4461    .ARM.Collect$$_printf_percent$$00000014  c_w.l(_printf_s.o)
    0x08000224   0x00000006   Code   RO         4535    .ARM.Collect$$_printf_percent$$00000015  c_w.l(_printf_lc.o)
    0x0800022a   0x00000006   Code   RO         4536    .ARM.Collect$$_printf_percent$$00000016  c_w.l(_printf_ls.o)
    0x08000230   0x00000004   Code   RO         4529    .ARM.Collect$$_printf_percent$$00000017  c_w.l(_printf_percent_end.o)
    0x08000234   0x00000002   Code   RO         4630    .ARM.Collect$$libinit$$00000000  c_w.l(libinit.o)
    0x08000236   0x00000000   Code   RO         4646    .ARM.Collect$$libinit$$00000002  c_w.l(libinit2.o)
    0x08000236   0x00000000   Code   RO         4648    .ARM.Collect$$libinit$$00000004  c_w.l(libinit2.o)
    0x08000236   0x00000000   Code   RO         4651    .ARM.Collect$$libinit$$0000000A  c_w.l(libinit2.o)
    0x08000236   0x00000000   Code   RO         4653    .ARM.Collect$$libinit$$0000000C  c_w.l(libinit2.o)
    0x08000236   0x00000000   Code   RO         4655    .ARM.Collect$$libinit$$0000000E  c_w.l(libinit2.o)
    0x08000236   0x00000006   Code   RO         4656    .ARM.Collect$$libinit$$0000000F  c_w.l(libinit2.o)
    0x0800023c   0x00000000   Code   RO         4658    .ARM.Collect$$libinit$$00000011  c_w.l(libinit2.o)
    0x0800023c   0x0000000c   Code   RO         4659    .ARM.Collect$$libinit$$00000012  c_w.l(libinit2.o)
    0x08000248   0x00000000   Code   RO         4660    .ARM.Collect$$libinit$$00000013  c_w.l(libinit2.o)
    0x08000248   0x00000000   Code   RO         4662    .ARM.Collect$$libinit$$00000015  c_w.l(libinit2.o)
    0x08000248   0x0000000a   Code   RO         4663    .ARM.Collect$$libinit$$00000016  c_w.l(libinit2.o)
    0x08000252   0x00000000   Code   RO         4664    .ARM.Collect$$libinit$$00000017  c_w.l(libinit2.o)
    0x08000252   0x00000000   Code   RO         4666    .ARM.Collect$$libinit$$00000019  c_w.l(libinit2.o)
    0x08000252   0x00000000   Code   RO         4668    .ARM.Collect$$libinit$$0000001B  c_w.l(libinit2.o)
    0x08000252   0x00000000   Code   RO         4670    .ARM.Collect$$libinit$$0000001D  c_w.l(libinit2.o)
    0x08000252   0x00000000   Code   RO         4672    .ARM.Collect$$libinit$$0000001F  c_w.l(libinit2.o)
    0x08000252   0x00000000   Code   RO         4674    .ARM.Collect$$libinit$$00000021  c_w.l(libinit2.o)
    0x08000252   0x00000000   Code   RO         4676    .ARM.Collect$$libinit$$00000023  c_w.l(libinit2.o)
    0x08000252   0x00000000   Code   RO         4678    .ARM.Collect$$libinit$$00000025  c_w.l(libinit2.o)
    0x08000252   0x00000000   Code   RO         4682    .ARM.Collect$$libinit$$0000002C  c_w.l(libinit2.o)
    0x08000252   0x00000000   Code   RO         4684    .ARM.Collect$$libinit$$0000002E  c_w.l(libinit2.o)
    0x08000252   0x00000000   Code   RO         4686    .ARM.Collect$$libinit$$00000030  c_w.l(libinit2.o)
    0x08000252   0x00000000   Code   RO         4688    .ARM.Collect$$libinit$$00000032  c_w.l(libinit2.o)
    0x08000252   0x00000002   Code   RO         4689    .ARM.Collect$$libinit$$00000033  c_w.l(libinit2.o)
    0x08000254   0x00000002   Code   RO         4707    .ARM.Collect$$libshutdown$$00000000  c_w.l(libshutdown.o)
    0x08000256   0x00000000   Code   RO         4716    .ARM.Collect$$libshutdown$$00000003  c_w.l(libshutdown2.o)
    0x08000256   0x00000000   Code   RO         4719    .ARM.Collect$$libshutdown$$00000006  c_w.l(libshutdown2.o)
    0x08000256   0x00000000   Code   RO         4722    .ARM.Collect$$libshutdown$$00000009  c_w.l(libshutdown2.o)
    0x08000256   0x00000000   Code   RO         4724    .ARM.Collect$$libshutdown$$0000000B  c_w.l(libshutdown2.o)
    0x08000256   0x00000000   Code   RO         4727    .ARM.Collect$$libshutdown$$0000000E  c_w.l(libshutdown2.o)
    0x08000256   0x00000002   Code   RO         4728    .ARM.Collect$$libshutdown$$0000000F  c_w.l(libshutdown2.o)
    0x08000258   0x00000000   Code   RO         4491    .ARM.Collect$$rtentry$$00000000  c_w.l(__rtentry.o)
    0x08000258   0x00000000   Code   RO         4553    .ARM.Collect$$rtentry$$00000002  c_w.l(__rtentry2.o)
    0x08000258   0x00000006   Code   RO         4565    .ARM.Collect$$rtentry$$00000004  c_w.l(__rtentry4.o)
    0x0800025e   0x00000000   Code   RO         4555    .ARM.Collect$$rtentry$$00000009  c_w.l(__rtentry2.o)
    0x0800025e   0x00000004   Code   RO         4556    .ARM.Collect$$rtentry$$0000000A  c_w.l(__rtentry2.o)
    0x08000262   0x00000000   Code   RO         4558    .ARM.Collect$$rtentry$$0000000C  c_w.l(__rtentry2.o)
    0x08000262   0x00000008   Code   RO         4559    .ARM.Collect$$rtentry$$0000000D  c_w.l(__rtentry2.o)
    0x0800026a   0x00000002   Code   RO         4638    .ARM.Collect$$rtexit$$00000000  c_w.l(rtexit.o)
    0x0800026c   0x00000000   Code   RO         4691    .ARM.Collect$$rtexit$$00000002  c_w.l(rtexit2.o)
    0x0800026c   0x00000004   Code   RO         4692    .ARM.Collect$$rtexit$$00000003  c_w.l(rtexit2.o)
    0x08000270   0x00000006   Code   RO         4693    .ARM.Collect$$rtexit$$00000004  c_w.l(rtexit2.o)
    0x08000276   0x00000002   PAD
    0x08000278   0x00000040   Code   RO            4    .text               startup_stm32f103xe.o
    0x080002b8   0x00000002   Code   RO         4402    .text               c_w.l(use_no_semi_2.o)
    0x080002ba   0x00000002   PAD
    0x080002bc   0x00000024   Code   RO         4404    .text               c_w.l(vsprintf.o)
    0x080002e0   0x00000018   Code   RO         4406    .text               c_w.l(__2printf.o)
    0x080002f8   0x0000002c   Code   RO         4408    .text               c_w.l(__2sprintf.o)
    0x08000324   0x00000052   Code   RO         4416    .text               c_w.l(_printf_str.o)
    0x08000376   0x00000002   PAD
    0x08000378   0x00000078   Code   RO         4418    .text               c_w.l(_printf_dec.o)
    0x080003f0   0x00000094   Code   RO         4438    .text               c_w.l(_printf_hex_int_ll_ptr.o)
    0x08000484   0x00000188   Code   RO         4458    .text               c_w.l(__printf_flags_ss_wp.o)
    0x0800060c   0x00000024   Code   RO         4465    .text               c_w.l(strstr.o)
    0x08000630   0x0000003e   Code   RO         4467    .text               c_w.l(strlen.o)
    0x0800066e   0x00000018   Code   RO         4469    .text               c_w.l(strcat.o)
    0x08000686   0x0000004e   Code   RO         4471    .text               c_w.l(rt_memclr_w.o)
    0x080006d4   0x00000006   Code   RO         4473    .text               c_w.l(heapauxi.o)
    0x080006da   0x00000002   Code   RO         4489    .text               c_w.l(use_no_semi.o)
    0x080006dc   0x0000004e   Code   RO         4492    .text               c_w.l(_printf_pad.o)
    0x0800072a   0x00000024   Code   RO         4494    .text               c_w.l(_printf_truncate.o)
    0x0800074e   0x000000b2   Code   RO         4496    .text               c_w.l(_printf_intcommon.o)
    0x08000800   0x00000028   Code   RO         4498    .text               c_w.l(_printf_charcount.o)
    0x08000828   0x00000030   Code   RO         4500    .text               c_w.l(_printf_char_common.o)
    0x08000858   0x0000000a   Code   RO         4502    .text               c_w.l(_sputc.o)
    0x08000862   0x0000002c   Code   RO         4504    .text               c_w.l(_printf_char.o)
    0x0800088e   0x00000002   PAD
    0x08000890   0x00000024   Code   RO         4506    .text               c_w.l(_printf_char_file.o)
    0x080008b4   0x000000bc   Code   RO         4508    .text               c_w.l(_printf_wctomb.o)
    0x08000970   0x0000007c   Code   RO         4511    .text               c_w.l(_printf_longlong_dec.o)
    0x080009ec   0x00000070   Code   RO         4517    .text               c_w.l(_printf_oct_int_ll.o)
    0x08000a5c   0x0000008a   Code   RO         4567    .text               c_w.l(lludiv10.o)
    0x08000ae6   0x0000041a   Code   RO         4569    .text               c_w.l(_printf_fp_dec.o)
    0x08000f00   0x000002fc   Code   RO         4571    .text               c_w.l(_printf_fp_hex.o)
    0x080011fc   0x0000002c   Code   RO         4576    .text               c_w.l(_printf_wchar.o)
    0x08001228   0x00000008   Code   RO         4578    .text               c_w.l(ferror.o)
    0x08001230   0x00000040   Code   RO         4582    .text               c_w.l(_wcrtomb.o)
    0x08001270   0x0000004a   Code   RO         4584    .text               c_w.l(sys_stackheap_outer.o)
    0x080012ba   0x00000002   PAD
    0x080012bc   0x00000010   Code   RO         4586    .text               c_w.l(rt_ctype_table.o)
    0x080012cc   0x00000008   Code   RO         4591    .text               c_w.l(rt_locale_intlibspace.o)
    0x080012d4   0x00000080   Code   RO         4593    .text               c_w.l(_printf_fp_infnan.o)
    0x08001354   0x000000dc   Code   RO         4595    .text               c_w.l(bigflt0.o)
    0x08001430   0x0000000c   Code   RO         4623    .text               c_w.l(exit.o)
    0x0800143c   0x00000008   Code   RO         4635    .text               c_w.l(libspace.o)
    0x08001444   0x00000080   Code   RO         4643    .text               c_w.l(strcmpv7m.o)
    0x080014c4   0x0000003e   Code   RO         4598    CL$$btod_d2e        c_w.l(btod.o)
    0x08001502   0x00000046   Code   RO         4600    CL$$btod_d2e_denorm_low  c_w.l(btod.o)
    0x08001548   0x00000060   Code   RO         4599    CL$$btod_d2e_norm_op1  c_w.l(btod.o)
    0x080015a8   0x00000338   Code   RO         4608    CL$$btod_div_common  c_w.l(btod.o)
    0x080018e0   0x000000c6   Code   RO         4605    CL$$btod_e2e        c_w.l(btod.o)
    0x080019a6   0x00000028   Code   RO         4602    CL$$btod_ediv       c_w.l(btod.o)
    0x080019ce   0x00000028   Code   RO         4601    CL$$btod_emul       c_w.l(btod.o)
    0x080019f6   0x00000244   Code   RO         4607    CL$$btod_mult_common  c_w.l(btod.o)
    0x08001c3a   0x00000052   Code   RO          747    i.ADC_ConversionStop_Disable  stm32f1xx_hal_adc.o
    0x08001c8c   0x00000084   Code   RO          751    i.ADC_Enable        stm32f1xx_hal_adc.o
    0x08001d10   0x00000020   Code   RO         4154    i.BH1750init        gy-30.o
    0x08001d30   0x00000004   Code   RO          300    i.BusFault_Handler  stm32f1xx_it.o
    0x08001d34   0x00000064   Code   RO         4100    i.DHT11_Check       dht11.o
    0x08001d98   0x0000004c   Code   RO         4101    i.DHT11_Init        dht11.o
    0x08001de4   0x0000004c   Code   RO         4102    i.DHT11_Read_Bit    dht11.o
    0x08001e30   0x0000001e   Code   RO         4103    i.DHT11_Read_Byte   dht11.o
    0x08001e4e   0x00000058   Code   RO         4104    i.DHT11_Read_Data   dht11.o
    0x08001ea6   0x00000002   PAD
    0x08001ea8   0x00000040   Code   RO         4105    i.DHT11_Rst         dht11.o
    0x08001ee8   0x00000002   Code   RO          301    i.DebugMon_Handler  stm32f1xx_it.o
    0x08001eea   0x00000002   PAD
    0x08001eec   0x00000044   Code   RO         2524    i.FSMC_NORSRAM_Extended_Timing_Init  stm32f1xx_ll_fsmc.o
    0x08001f30   0x00000078   Code   RO         2525    i.FSMC_NORSRAM_Init  stm32f1xx_ll_fsmc.o
    0x08001fa8   0x00000042   Code   RO         2526    i.FSMC_NORSRAM_Timing_Init  stm32f1xx_ll_fsmc.o
    0x08001fea   0x00000002   PAD
    0x08001fec   0x00000104   Code   RO          927    i.HAL_ADCEx_Calibration_Start  stm32f1xx_hal_adc_ex.o
    0x080020f0   0x00000160   Code   RO          762    i.HAL_ADC_Init      stm32f1xx_hal_adc.o
    0x08002250   0x0000005c   Code   RO         4333    i.HAL_ADC_MspInit   adc.o
    0x080022ac   0x000001a8   Code   RO         1321    i.HAL_DMA_Abort_IT  stm32f1xx_hal_dma.o
    0x08002454   0x00000340   Code   RO         1417    i.HAL_GPIO_Init     stm32f1xx_hal_gpio.o
    0x08002794   0x00000010   Code   RO         1419    i.HAL_GPIO_ReadPin  stm32f1xx_hal_gpio.o
    0x080027a4   0x00000014   Code   RO         1420    i.HAL_GPIO_TogglePin  stm32f1xx_hal_gpio.o
    0x080027b8   0x0000000c   Code   RO         1421    i.HAL_GPIO_WritePin  stm32f1xx_hal_gpio.o
    0x080027c4   0x0000000c   Code   RO         1034    i.HAL_GetTick       stm32f1xx_hal.o
    0x080027d0   0x00000028   Code   RO         1041    i.HAL_Init          stm32f1xx_hal.o
    0x080027f8   0x0000004c   Code   RO         1042    i.HAL_InitTick      stm32f1xx_hal.o
    0x08002844   0x00000002   Code   RO         1044    i.HAL_MspInit       stm32f1xx_hal.o
    0x08002846   0x00000020   Code   RO         1199    i.HAL_NVIC_EnableIRQ  stm32f1xx_hal_cortex.o
    0x08002866   0x0000007c   Code   RO         1205    i.HAL_NVIC_SetPriority  stm32f1xx_hal_cortex.o
    0x080028e2   0x00000002   PAD
    0x080028e4   0x00000028   Code   RO         1206    i.HAL_NVIC_SetPriorityGrouping  stm32f1xx_hal_cortex.o
    0x0800290c   0x00000134   Code   RO         1749    i.HAL_RCCEx_GetPeriphCLKFreq  stm32f1xx_hal_rcc_ex.o
    0x08002a40   0x00000130   Code   RO         1750    i.HAL_RCCEx_PeriphCLKConfig  stm32f1xx_hal_rcc_ex.o
    0x08002b70   0x0000018c   Code   RO         1642    i.HAL_RCC_ClockConfig  stm32f1xx_hal_rcc.o
    0x08002cfc   0x0000000c   Code   RO         1647    i.HAL_RCC_GetHCLKFreq  stm32f1xx_hal_rcc.o
    0x08002d08   0x00000020   Code   RO         1649    i.HAL_RCC_GetPCLK1Freq  stm32f1xx_hal_rcc.o
    0x08002d28   0x00000020   Code   RO         1650    i.HAL_RCC_GetPCLK2Freq  stm32f1xx_hal_rcc.o
    0x08002d48   0x00000094   Code   RO         1651    i.HAL_RCC_GetSysClockFreq  stm32f1xx_hal_rcc.o
    0x08002ddc   0x00000464   Code   RO         1654    i.HAL_RCC_OscConfig  stm32f1xx_hal_rcc.o
    0x08003240   0x00000066   Code   RO         2385    i.HAL_SRAM_Init     stm32f1xx_hal_sram.o
    0x080032a6   0x00000002   PAD
    0x080032a8   0x00000090   Code   RO         3681    i.HAL_SRAM_MspInit  lcd.o
    0x08003338   0x00000028   Code   RO         1208    i.HAL_SYSTICK_CLKSourceConfig  stm32f1xx_hal_cortex.o
    0x08003360   0x00000034   Code   RO         1210    i.HAL_SYSTICK_Config  stm32f1xx_hal_cortex.o
    0x08003394   0x00000002   Code   RO         1805    i.HAL_UART_ErrorCallback  stm32f1xx_hal_uart.o
    0x08003396   0x00000002   PAD
    0x08003398   0x00000154   Code   RO         1808    i.HAL_UART_IRQHandler  stm32f1xx_hal_uart.o
    0x080034ec   0x00000072   Code   RO         1809    i.HAL_UART_Init     stm32f1xx_hal_uart.o
    0x0800355e   0x00000002   PAD
    0x08003560   0x0000017c   Code   RO          670    i.HAL_UART_MspInit  usart.o
    0x080036dc   0x000000d8   Code   RO         1812    i.HAL_UART_Receive  stm32f1xx_hal_uart.o
    0x080037b4   0x00000070   Code   RO         1814    i.HAL_UART_Receive_IT  stm32f1xx_hal_uart.o
    0x08003824   0x00000088   Code   RO          671    i.HAL_UART_RxCpltCallback  usart.o
    0x080038ac   0x000000d2   Code   RO         1817    i.HAL_UART_Transmit  stm32f1xx_hal_uart.o
    0x0800397e   0x00000002   Code   RO         1820    i.HAL_UART_TxCpltCallback  stm32f1xx_hal_uart.o
    0x08003980   0x00000004   Code   RO          302    i.HardFault_Handler  stm32f1xx_it.o
    0x08003984   0x00000044   Code   RO         4155    i.IIC_Init          gy-30.o
    0x080039c8   0x00000068   Code   RO         4156    i.IIC_Read_Byte     gy-30.o
    0x08003a30   0x00000054   Code   RO         4157    i.IIC_SendAck       gy-30.o
    0x08003a84   0x0000006c   Code   RO         4158    i.IIC_Send_Byte     gy-30.o
    0x08003af0   0x00000048   Code   RO         4159    i.IIC_Start         gy-30.o
    0x08003b38   0x0000004c   Code   RO         4160    i.IIC_Stop          gy-30.o
    0x08003b84   0x00000074   Code   RO         4161    i.IIC_Wait_Ack      gy-30.o
    0x08003bf8   0x0000004c   Code   RO         4334    i.MY_ADC_Init       adc.o
    0x08003c44   0x00000004   Code   RO          303    i.MemManage_Handler  stm32f1xx_it.o
    0x08003c48   0x00000002   Code   RO          304    i.NMI_Handler       stm32f1xx_it.o
    0x08003c4a   0x00000002   PAD
    0x08003c4c   0x00000190   Code   RO          491    i.OneNet_FillBuf    demo.o
    0x08003ddc   0x00000028   Code   RO         1655    i.RCC_Delay         stm32f1xx_hal_rcc.o
    0x08003e04   0x0000001c   Code   RO         4232    i.SDA_IN            sgp30.o
    0x08003e20   0x0000001c   Code   RO         4233    i.SDA_OUT           sgp30.o
    0x08003e3c   0x0000004c   Code   RO         4234    i.SGP30_GPIO_Init   sgp30.o
    0x08003e88   0x00000038   Code   RO         4235    i.SGP30_IIC_Ack     sgp30.o
    0x08003ec0   0x00000038   Code   RO         4236    i.SGP30_IIC_NAck    sgp30.o
    0x08003ef8   0x00000064   Code   RO         4237    i.SGP30_IIC_Read_Byte  sgp30.o
    0x08003f5c   0x00000064   Code   RO         4238    i.SGP30_IIC_Send_Byte  sgp30.o
    0x08003fc0   0x00000038   Code   RO         4239    i.SGP30_IIC_Start   sgp30.o
    0x08003ff8   0x00000034   Code   RO         4240    i.SGP30_IIC_Stop    sgp30.o
    0x0800402c   0x00000058   Code   RO         4241    i.SGP30_IIC_Wait_Ack  sgp30.o
    0x08004084   0x00000010   Code   RO         4242    i.SGP30_Init        sgp30.o
    0x08004094   0x00000048   Code   RO         4243    i.SGP30_Read        sgp30.o
    0x080040dc   0x00000034   Code   RO         4244    i.SGP30_Write       sgp30.o
    0x08004110   0x00000002   Code   RO          305    i.SVC_Handler       stm32f1xx_it.o
    0x08004112   0x00000002   Code   RO          264    i.SystemInit        system_stm32f1xx.o
    0x08004114   0x00000014   Code   RO         1822    i.UART_DMAAbortOnError  stm32f1xx_hal_uart.o
    0x08004128   0x00000020   Code   RO         1832    i.UART_EndRxTransfer  stm32f1xx_hal_uart.o
    0x08004148   0x00000020   Code   RO         1833    i.UART_EndTransmit_IT  stm32f1xx_hal_uart.o
    0x08004168   0x000000a0   Code   RO         1835    i.UART_Receive_IT   stm32f1xx_hal_uart.o
    0x08004208   0x000000fc   Code   RO         1836    i.UART_SetConfig    stm32f1xx_hal_uart.o
    0x08004304   0x00000060   Code   RO         1837    i.UART_Transmit_IT  stm32f1xx_hal_uart.o
    0x08004364   0x0000006c   Code   RO         1838    i.UART_WaitOnFlagUntilTimeout  stm32f1xx_hal_uart.o
    0x080043d0   0x00000024   Code   RO          672    i.USART1_IRQHandler  usart.o
    0x080043f4   0x00000104   Code   RO         4037    i.USART3_IRQHandler  atk_mw8266d_uart.o
    0x080044f8   0x00000004   Code   RO          306    i.UsageFault_Handler  stm32f1xx_it.o
    0x080044fc   0x00000028   Code   RO         4633    i.__ARM_fpclassify  m_ws.l(fpclassify.o)
    0x08004524   0x00000010   Code   RO         1212    i.__NVIC_GetPriorityGrouping  stm32f1xx_hal_cortex.o
    0x08004534   0x00000028   Code   RO         1213    i.__NVIC_SetPriority  stm32f1xx_hal_cortex.o
    0x0800455c   0x0000000e   Code   RO         4451    i._is_digit         c_w.l(__printf_wp.o)
    0x0800456a   0x00000004   Code   RO          674    i._sys_exit         usart.o
    0x0800456e   0x00000002   PAD
    0x08004570   0x00000030   Code   RO         3930    i.atk_mw8266d_at_test  atk_mw8266d.o
    0x080045a0   0x00000050   Code   RO         3931    i.atk_mw8266d_ate_config  atk_mw8266d.o
    0x080045f0   0x00000054   Code   RO         3932    i.atk_mw8266d_connect_tcp_server  atk_mw8266d.o
    0x08004644   0x00000050   Code   RO         3933    i.atk_mw8266d_enter_unvarnished  atk_mw8266d.o
    0x08004694   0x00000060   Code   RO         3935    i.atk_mw8266d_get_ip  atk_mw8266d.o
    0x080046f4   0x00000048   Code   RO         3936    i.atk_mw8266d_hw_init  atk_mw8266d.o
    0x0800473c   0x00000034   Code   RO         3937    i.atk_mw8266d_hw_reset  atk_mw8266d.o
    0x08004770   0x00000020   Code   RO         3938    i.atk_mw8266d_init  atk_mw8266d.o
    0x08004790   0x00000050   Code   RO         3939    i.atk_mw8266d_join_ap  atk_mw8266d.o
    0x080047e0   0x00000030   Code   RO         3940    i.atk_mw8266d_restore  atk_mw8266d.o
    0x08004810   0x00000058   Code   RO         3941    i.atk_mw8266d_send_at_cmd  atk_mw8266d.o
    0x08004868   0x0000007c   Code   RO         3942    i.atk_mw8266d_set_mode  atk_mw8266d.o
    0x080048e4   0x0000002c   Code   RO         3943    i.atk_mw8266d_single_connection  atk_mw8266d.o
    0x08004910   0x00000028   Code   RO         3944    i.atk_mw8266d_sw_reset  atk_mw8266d.o
    0x08004938   0x00000030   Code   RO         4038    i.atk_mw8266d_uart_init  atk_mw8266d_uart.o
    0x08004968   0x0000003c   Code   RO         4039    i.atk_mw8266d_uart_printf  atk_mw8266d_uart.o
    0x080049a4   0x0000002c   Code   RO         4040    i.atk_mw8266d_uart_rx_get_frame  atk_mw8266d_uart.o
    0x080049d0   0x00000024   Code   RO         4042    i.atk_mw8266d_uart_rx_restart  atk_mw8266d_uart.o
    0x080049f4   0x0000003a   Code   RO         4162    i.bh_data_read      gy-30.o
    0x08004a2e   0x00000028   Code   RO         4163    i.bh_data_send      gy-30.o
    0x08004a56   0x00000002   PAD
    0x08004a58   0x00000028   Code   RO          554    i.delay_init        delay.o
    0x08004a80   0x00000038   Code   RO          555    i.delay_ms          delay.o
    0x08004ab8   0x0000004c   Code   RO          556    i.delay_us          delay.o
    0x08004b04   0x0000001c   Code   RO          676    i.fputc             usart.o
    0x08004b20   0x00000048   Code   RO          493    i.information_connection  demo.o
    0x08004b68   0x000000b8   Code   RO         3650    i.key_init          key.o
    0x08004c20   0x00000034   Code   RO         3682    i.lcd_clear         lcd.o
    0x08004c54   0x00000130   Code   RO         3684    i.lcd_display_dir   lcd.o
    0x08004d84   0x00000020   Code   RO         3690    i.lcd_draw_point    lcd.o
    0x08004da4   0x0000022c   Code   RO         3692    i.lcd_ex_ili9341_reginit  lcd.o
    0x08004fd0   0x00000ef2   Code   RO         3693    i.lcd_ex_nt35310_reginit  lcd.o
    0x08005ec2   0x00000efc   Code   RO         3694    i.lcd_ex_nt35510_reginit  lcd.o
    0x08006dbe   0x0000016e   Code   RO         3695    i.lcd_ex_ssd1963_reginit  lcd.o
    0x08006f2c   0x000001a8   Code   RO         3696    i.lcd_ex_st7789_reginit  lcd.o
    0x080070d4   0x000003ac   Code   RO         3699    i.lcd_init          lcd.o
    0x08007480   0x0000000c   Code   RO         3700    i.lcd_opt_delay     lcd.o
    0x0800748c   0x00000016   Code   RO         3701    i.lcd_pow           lcd.o
    0x080074a2   0x00000002   PAD
    0x080074a4   0x00000018   Code   RO         3702    i.lcd_rd_data       lcd.o
    0x080074bc   0x00000230   Code   RO         3704    i.lcd_scan_dir      lcd.o
    0x080076ec   0x00000120   Code   RO         3705    i.lcd_set_cursor    lcd.o
    0x0800780c   0x00000140   Code   RO         3707    i.lcd_show_char     lcd.o
    0x0800794c   0x00000098   Code   RO         3708    i.lcd_show_num      lcd.o
    0x080079e4   0x0000006a   Code   RO         3709    i.lcd_show_string   lcd.o
    0x08007a4e   0x00000002   PAD
    0x08007a50   0x00000054   Code   RO         3711    i.lcd_ssd_backlight_set  lcd.o
    0x08007aa4   0x00000018   Code   RO         3712    i.lcd_wr_data       lcd.o
    0x08007abc   0x00000018   Code   RO         3713    i.lcd_wr_regno      lcd.o
    0x08007ad4   0x00000014   Code   RO         3714    i.lcd_write_ram_prepare  lcd.o
    0x08007ae8   0x00000010   Code   RO         3715    i.lcd_write_reg     lcd.o
    0x08007af8   0x00000090   Code   RO         3626    i.led_init          led.o
    0x08007b88   0x00000260   Code   RO           13    i.main              main.o
    0x08007de8   0x00000188   Code   RO           14    i.show_mesg         main.o
    0x08007f70   0x00000056   Code   RO          603    i.sys_stm32_clock_init  sys.o
    0x08007fc6   0x00000002   PAD
    0x08007fc8   0x00000038   Code   RO          677    i.usart_init        usart.o
    0x08008000   0x0000021c   Code   RO          494    i.wifi_init         demo.o
    0x0800821c   0x0000002c   Code   RO         4621    locale$$code        c_w.l(lc_numeric_c.o)
    0x08008248   0x0000002c   Code   RO         4641    locale$$code        c_w.l(lc_ctype_c.o)
    0x08008274   0x0000005a   Code   RO         4477    x$fpl$dfixu         fz_ws.l(dfixu.o)
    0x080082ce   0x00000026   Code   RO         4481    x$fpl$dfltu         fz_ws.l(dflt_clz.o)
    0x080082f4   0x00000154   Code   RO         4487    x$fpl$dmul          fz_ws.l(dmul.o)
    0x08008448   0x0000009c   Code   RO         4539    x$fpl$dnaninf       fz_ws.l(dnaninf.o)
    0x080084e4   0x0000000c   Code   RO         4541    x$fpl$dretinf       fz_ws.l(dretinf.o)
    0x080084f0   0x00000004   Code   RO         4543    x$fpl$printf1       fz_ws.l(printf1.o)
    0x080084f4   0x00000004   Code   RO         4545    x$fpl$printf2       fz_ws.l(printf2.o)
    0x080084f8   0x00000000   Code   RO         4551    x$fpl$usenofp       fz_ws.l(usenofp.o)
    0x080084f8   0x00000018   Data   RO          265    .constdata          system_stm32f1xx.o
    0x08008510   0x00002f80   Data   RO         3717    .constdata          lcd.o
    0x0800b490   0x00000028   Data   RO         4439    .constdata          c_w.l(_printf_hex_int_ll_ptr.o)
    0x0800b4b8   0x00000011   Data   RO         4459    .constdata          c_w.l(__printf_flags_ss_wp.o)
    0x0800b4c9   0x00000003   PAD
    0x0800b4cc   0x00000008   Data   RO         4509    .constdata          c_w.l(_printf_wctomb.o)
    0x0800b4d4   0x00000026   Data   RO         4572    .constdata          c_w.l(_printf_fp_hex.o)
    0x0800b4fa   0x00000002   PAD
    0x0800b4fc   0x00000094   Data   RO         4596    .constdata          c_w.l(bigflt0.o)
    0x0800b590   0x00000066   Data   RO          495    .conststring        demo.o
    0x0800b5f6   0x00000002   PAD
    0x0800b5f8   0x00000020   Data   RO         4757    Region$$Table       anon$$obj.o
    0x0800b618   0x0000001c   Data   RO         4620    locale$$data        c_w.l(lc_numeric_c.o)
    0x0800b634   0x00000110   Data   RO         4640    locale$$data        c_w.l(lc_ctype_c.o)


    Execution Region RW_IRAM1 (Base: 0x20000000, Size: 0x00000918, Max: 0x00010000, ABSOLUTE)

    Base Addr    Size         Type   Attr      Idx    E Section Name        Object

    0x20000000   0x00000004   Data   RW          266    .data               system_stm32f1xx.o
    0x20000004   0x00000002   Data   RW          557    .data               delay.o
    0x20000006   0x00000002   PAD
    0x20000008   0x00000007   Data   RW          679    .data               usart.o
    0x2000000f   0x00000001   PAD
    0x20000010   0x00000009   Data   RW         1048    .data               stm32f1xx_hal.o
    0x20000019   0x00000003   PAD
    0x2000001c   0x00000008   Data   RW         3718    .data               lcd.o
    0x20000024   0x00000108   Zero   RW          678    .bss                usart.o
    0x2000012c   0x00000056   Zero   RW         3716    .bss                lcd.o
    0x20000182   0x00000002   PAD
    0x20000184   0x00000102   Zero   RW         4043    .bss                atk_mw8266d_uart.o
    0x20000286   0x00000002   PAD
    0x20000288   0x00000030   Zero   RW         4335    .bss                adc.o
    0x200002b8   0x00000060   Zero   RW         4636    .bss                c_w.l(libspace.o)
    0x20000318   0x00000200   Zero   RW            2    HEAP                startup_stm32f103xe.o
    0x20000518   0x00000400   Zero   RW            1    STACK               startup_stm32f103xe.o


==============================================================================

Image component sizes


      Code (inc. data)   RO Data    RW Data    ZI Data      Debug   Object Name

       168         20          0          0         48       1775   adc.o
       968        286          0          0          0       9715   atk_mw8266d.o
       448         38          0          0        258       4400   atk_mw8266d_uart.o
       172         16          0          2          0       1887   delay.o
      1012        414        102          0          0       2526   demo.o
       434         36          0          0          0       3960   dht11.o
       758         86          0          0          0       5786   gy-30.o
       184         12          0          0          0       1011   key.o
     12132        166      12160          8         86      23229   lcd.o
       144         12          0          0          0        919   led.o
      1000        298          0          0          0     488583   main.o
       780         88          0          0          0       7406   sgp30.o
        64         26        304          0       1536        932   startup_stm32f103xe.o
       130         24          0          9          0       5949   stm32f1xx_hal.o
       566         22          0          0          0       3025   stm32f1xx_hal_adc.o
       260          4          0          0          0       1466   stm32f1xx_hal_adc_ex.o
       344         22          0          0          0      30037   stm32f1xx_hal_cortex.o
       424         10          0          0          0       1243   stm32f1xx_hal_dma.o
       880         40          0          0          0       3988   stm32f1xx_hal_gpio.o
      1784        110          0          0          0       6080   stm32f1xx_hal_rcc.o
       612         46          0          0          0       2437   stm32f1xx_hal_rcc_ex.o
       102          0          0          0          0       1188   stm32f1xx_hal_sram.o
      1696         10          0          0          0      10590   stm32f1xx_hal_uart.o
        22          0          0          0          0       3055   stm32f1xx_it.o
       254         10          0          0          0       3839   stm32f1xx_ll_fsmc.o
        86          0          0          0          0        711   sys.o
         2          0         24          4          0       1363   system_stm32f1xx.o
       640         64          0          7        264       5617   usart.o

    ----------------------------------------------------------------------
     26092       1860      12624         36       2196     632717   Object Totals
         0          0         32          0          0          0   (incl. Generated)
        26          0          2          6          4          0   (incl. Padding)

    ----------------------------------------------------------------------

      Code (inc. data)   RO Data    RW Data    ZI Data      Debug   Library Member Name

        24          4          0          0          0         84   __2printf.o
        44          6          0          0          0         84   __2sprintf.o
         8          0          0          0          0         68   __main.o
       392          4         17          0          0         92   __printf_flags_ss_wp.o
        14          0          0          0          0         68   __printf_wp.o
         0          0          0          0          0          0   __rtentry.o
        12          0          0          0          0          0   __rtentry2.o
         6          0          0          0          0          0   __rtentry4.o
        52          8          0          0          0          0   __scatter.o
        26          0          0          0          0          0   __scatter_copy.o
        28          0          0          0          0          0   __scatter_zi.o
         6          0          0          0          0          0   _printf_a.o
         6          0          0          0          0          0   _printf_c.o
        44          0          0          0          0        108   _printf_char.o
        48          6          0          0          0         96   _printf_char_common.o
        36          4          0          0          0         80   _printf_char_file.o
        40          0          0          0          0         68   _printf_charcount.o
         6          0          0          0          0          0   _printf_d.o
       120         16          0          0          0         92   _printf_dec.o
         6          0          0          0          0          0   _printf_e.o
         6          0          0          0          0          0   _printf_f.o
      1050          0          0          0          0        216   _printf_fp_dec.o
       764         10         38          0          0        100   _printf_fp_hex.o
       128         16          0          0          0         84   _printf_fp_infnan.o
         6          0          0          0          0          0   _printf_g.o
       148          4         40          0          0        160   _printf_hex_int_ll_ptr.o
         6          0          0          0          0          0   _printf_i.o
       178          0          0          0          0         88   _printf_intcommon.o
        10          0          0          0          0          0   _printf_l.o
         6          0          0          0          0          0   _printf_lc.o
        10          0          0          0          0          0   _printf_ll.o
         6          0          0          0          0          0   _printf_lld.o
         6          0          0          0          0          0   _printf_lli.o
         6          0          0          0          0          0   _printf_llo.o
         6          0          0          0          0          0   _printf_llu.o
         6          0          0          0          0          0   _printf_llx.o
       124         16          0          0          0         92   _printf_longlong_dec.o
         6          0          0          0          0          0   _printf_ls.o
         6          0          0          0          0          0   _printf_n.o
         6          0          0          0          0          0   _printf_o.o
       112          8          0          0          0        124   _printf_oct_int_ll.o
         6          0          0          0          0          0   _printf_p.o
        78          0          0          0          0        108   _printf_pad.o
         0          0          0          0          0          0   _printf_percent.o
         4          0          0          0          0          0   _printf_percent_end.o
         6          0          0          0          0          0   _printf_s.o
        82          0          0          0          0         80   _printf_str.o
        36          0          0          0          0         84   _printf_truncate.o
         6          0          0          0          0          0   _printf_u.o
        44          0          0          0          0        108   _printf_wchar.o
       188          6          8          0          0         92   _printf_wctomb.o
         6          0          0          0          0          0   _printf_x.o
        10          0          0          0          0         68   _sputc.o
        64          0          0          0          0         92   _wcrtomb.o
       220          4        148          0          0         96   bigflt0.o
      1910        128          0          0          0        672   btod.o
        12          0          0          0          0         72   exit.o
         8          0          0          0          0         68   ferror.o
         6          0          0          0          0        152   heapauxi.o
        44         10        272          0          0         76   lc_ctype_c.o
        44         10         28          0          0         76   lc_numeric_c.o
         2          0          0          0          0          0   libinit.o
        30          0          0          0          0          0   libinit2.o
         2          0          0          0          0          0   libshutdown.o
         2          0          0          0          0          0   libshutdown2.o
         8          4          0          0         96         68   libspace.o
       138          0          0          0          0         80   lludiv10.o
        16          4          0          0          0         76   rt_ctype_table.o
         8          4          0          0          0         68   rt_locale_intlibspace.o
        78          0          0          0          0         80   rt_memclr_w.o
         2          0          0          0          0          0   rtexit.o
        10          0          0          0          0          0   rtexit2.o
        24          0          0          0          0         68   strcat.o
       128          0          0          0          0         68   strcmpv7m.o
        62          0          0          0          0         76   strlen.o
        36          0          0          0          0         80   strstr.o
        74          0          0          0          0         80   sys_stackheap_outer.o
         2          0          0          0          0         68   use_no_semi.o
         2          0          0          0          0         68   use_no_semi_2.o
        36          4          0          0          0         76   vsprintf.o
        90          4          0          0          0         92   dfixu.o
        38          0          0          0          0         68   dflt_clz.o
       340         12          0          0          0        104   dmul.o
       156          4          0          0          0         92   dnaninf.o
        12          0          0          0          0         68   dretinf.o
         4          0          0          0          0         68   printf1.o
         4          0          0          0          0         68   printf2.o
         0          0          0          0          0          0   usenofp.o
        40          0          0          0          0         68   fpclassify.o

    ----------------------------------------------------------------------
      7644        296        556          0         96       5132   Library Totals
        12          0          5          0          0          0   (incl. Padding)

    ----------------------------------------------------------------------

      Code (inc. data)   RO Data    RW Data    ZI Data      Debug   Library Name

      6948        276        551          0         96       4504   c_w.l
       644         20          0          0          0        560   fz_ws.l
        40          0          0          0          0         68   m_ws.l

    ----------------------------------------------------------------------
      7644        296        556          0         96       5132   Library Totals

    ----------------------------------------------------------------------

==============================================================================


      Code (inc. data)   RO Data    RW Data    ZI Data      Debug   

     33736       2156      13180         36       2292     627705   Grand Totals
     33736       2156      13180         36       2292     627705   ELF Image Totals
     33736       2156      13180         36          0          0   ROM Totals

==============================================================================

    Total RO  Size (Code + RO Data)                46916 (  45.82kB)
    Total RW  Size (RW Data + ZI Data)              2328 (   2.27kB)
    Total ROM Size (Code + RO Data + RW Data)      46952 (  45.85kB)

==============================================================================

